BEGIN
SET
DO
REVOKE
DO
REVOKE
DO
REVOKE
REVOKE
REVOKE
REVOKE
REVOKE
REVOKE
REVOKE
REVOKE
REVOKE
GRANT
REVOKE
REVOKE
DO
GRANT
REVOKE
REVOKE
REVOKE
GRANT
REVOKE
GRANT
REVOKE
GRANT
REVOKE
GRANT
REVOKE
REVOKE
GRANT
REVOKE
GRANT
REVOKE
GRANT
REVOKE
GRANT
REVOKE
GRANT
REVOKE
GRANT
REVOKE
GRANT
REVOKE
GRANT
REVOKE
GRANT
REVOKE
GRANT
REVOKE
GRANT
REVOKE
GRANT
REVOKE
GRANT
REVOKE
GRANT
REVOKE
GRANT
REVOKE
GRANT
REVOKE
GRANT
REVOKE
GRANT
REVOKE
GRANT
REVOKE
GRANT
REVOKE
GRANT
REVOKE
GRANT
REVOKE
GRANT
REVOKE
GRANT
REVOKE
GRANT
REVOKE
GRANT
REVOKE
GRANT
REVOKE
GRANT
REVOKE
COMMIT
