Vercel CLI 59.23.2 (Node.js 24.21.0)
Retrieving project…
Deploying ryans-projects-71456f46/twuanis-0
Uploading [--------------------] (0.0B/1KB)
Uploading [====================] (1.0KB/1KB)
  Inspect         https://vercel.com/ryans-projects-71456f46/twuanis-0/BkY1harMgkSRwurxhkDMvgLvSkZW
  Production      https://twuanis-0-pi0abcmle-ryans-projects-71456f46.vercel.app
Building…
Running build in Washington, D.C., USA (East) – iad1
Build machine configuration: 2 cores, 8 GB
Retrieving list of deployment files...
Retrieving list of deployment files...
Downloading 708 deployment files...
Restored build cache from previous deployment (FT3dZtKCRucfK9rXTYmZQuCUe6pc)
Running "vercel build"
Vercel CLI 59.23.2
Installing dependencies...
npm warn deprecated eslint@9.39.5: This version is no longer supported. Please see https://eslint.org/version-support for other options.
added 5 packages, removed 1 package, and changed 147 packages in 13s
204 packages are looking for funding
run `npm fund` for details
npm warn allow-scripts 3 packages have install scripts not yet covered by allowScripts:
npm warn allow-scripts   esbuild@0.28.2 (postinstall: node install.js)
npm warn allow-scripts   puppeteer@24.43.1 (postinstall: node install.mjs)
npm warn allow-scripts   unrs-resolver@1.12.2 (postinstall: node postinstall.js)
npm warn allow-scripts
npm warn allow-scripts Run `npm approve-scripts --allow-scripts-pending` to review, or `npm approve-scripts <pkg>` to allow.
Detected Next.js version: 16.3.4
Running "npm run build"
> twuanis@0.1.0 build
> next build --webpack
▲ Next.js 16.3.4 (webpack)
Applying modifyConfig from Vercel
✓ Running next.config.ts took 367ms
Creating an optimized production build ...
✓ Compiled successfully in 36.2s
Running TypeScript ...
Finished TypeScript in 31.6s ...
Collecting page data using 1 worker ...
Generating static pages using 1 worker (0/87) ...
Generating static pages using 1 worker (21/87)
Generating static pages using 1 worker (43/87)
BedroomFilterS = [Function: e]
BedroomFilterS [Function: e]
Building ontology nodes: 677
ontologyNodes built: 677
first ontology node: {
'@type': 'DefinedTerm',
'@id': 'https://twuanis.com/id/ontology/province/heredia',
name: 'Heredia',
description: 'Heredia Province',
termCode: '13',
inDefinedTermSet: { '@id': 'https://twuanis.com/id/ontology/province' }
}
ontologyNodes built: 677
first ontology node: {
'@type': 'DefinedTerm',
'@id': 'https://twuanis.com/id/ontology/province/heredia',
name: 'Heredia',
description: 'Heredia Province',
termCode: '13',
inDefinedTermSet: { '@id': 'https://twuanis.com/id/ontology/province' }
}
relationshipNodes built: 1000
Building ontology nodes: 677
ontologyNodes built: 677
first ontology node: {
'@type': 'DefinedTerm',
'@id': 'https://twuanis.com/id/ontology/province/heredia',
name: 'Heredia',
description: 'Heredia Province',
termCode: '13',
inDefinedTermSet: { '@id': 'https://twuanis.com/id/ontology/province' }
}
ontologyNodes built: 677
first ontology node: {
'@type': 'DefinedTerm',
'@id': 'https://twuanis.com/id/ontology/province/heredia',
name: 'Heredia',
description: 'Heredia Province',
termCode: '13',
inDefinedTermSet: { '@id': 'https://twuanis.com/id/ontology/province' }
}
relationshipNodes built: 1000
Generating static pages using 1 worker (65/87)
✓ Generating static pages using 1 worker (87/87) in 3.6s
Finalizing page optimization ...
Collecting build traces ...
Running onBuildComplete from Vercel
Route (app)
┌ ○ /
├ ○ /_not-found
├ ƒ /accessibility/[accessibility]
├ ƒ /api/activity
├ ƒ /api/available-add-ons
├ ƒ /api/check-publish-token
├ ƒ /api/commercial-state
├ ƒ /api/commercial-timeline
├ ƒ /api/comparable
├ ƒ /api/create-publish-token
├ ƒ /api/cron/cleanup-temporary-listing-images
├ ƒ /api/cron/saved-search-alerts
├ ƒ /api/debug/bccr-fx
├ ƒ /api/debug/saved-analysis-integrity
├ ƒ /api/delete-listing-image
├ ƒ /api/duplicate-listing
├ ƒ /api/edit-canonical-listing
├ ƒ /api/import-canonical-csv
├ ƒ /api/listing-capabilities
├ ƒ /api/listing-timeline
├ ƒ /api/marketplace-fx
├ ƒ /api/marketplace-placement
├ ƒ /api/package-usage
├ ƒ /api/permanently-delete-listing
├ ƒ /api/price-meter/cross-dimensional
├ ƒ /api/public-listing-contact
├ ƒ /api/public-listings
├ ƒ /api/public-listings/by-ids
├ ƒ /api/public-promotion-evidence
├ ƒ /api/publish-existing-listing
├ ƒ /api/publish-listing
├ ƒ /api/push/subscribe
├ ƒ /api/push/unsubscribe
├ ƒ /api/rebuild-market-cache
├ ƒ /api/renew-listing
├ ƒ /api/reorder-listing-images
├ ƒ /api/send-otp
├ ƒ /api/send-whatsapp
├ ƒ /api/test-cache
├ ƒ /api/test-email
├ ƒ /api/test-explorer
├ ƒ /api/test-market
├ ƒ /api/test-market-engine
├ ƒ /api/test-whatsapp
├ ƒ /api/update-listing-image
├ ƒ /api/upload-temporary-listing-image
├ ƒ /api/verify-otp
├ ƒ /api/whatsapp-webhook
├ ○ /auth/callback
├ ○ /auth/reset-password
├ ƒ /buyer-demand
├ ƒ /canton/[canton]
├ ƒ /district/[district]
├ ○ /en
├ ○ /en/buy
├ ƒ /en/buy/listing/[id]
├ ○ /en/compare/entities
├ ○ /en/compare/markets
├ ○ /en/compare/properties
├ ○ /en/favorites
├ ƒ /en/market-hub
├ ƒ /en/market-intelligence
├ ○ /en/market-intelligence/packages
├ ○ /en/rent-lease
├ ƒ /en/rent-lease/listing/[id]
├ ○ /en/rent-out-lease-out
├ ƒ /en/rent-out-lease-out/edit/[id]
├ ƒ /en/saved-analysis/[id]
├ ○ /en/sell
├ ƒ /en/sell/edit/[id]
├ ○ /en/swipe
├ ○ /en/swipe/buy
├ ○ /en/swipe/rent-lease
├ ƒ /environment/[environment]
├ ○ /es
├ ○ /es/alquilar-arrendar
├ ƒ /es/alquilar-arrendar/anuncio/[id]
├ ƒ /es/analisis-guardado/[id]
├ ƒ /es/centro-de-mercado
├ ƒ /es/coincidencia-de-mercado
├ ƒ /es/comparacion-de-mercado
├ ○ /es/comparar/entidades
├ ○ /es/comparar/mercados
├ ○ /es/comparar/propiedades
├ ○ /es/comprar
├ ƒ /es/comprar/anuncio/[id]
├ ƒ /es/demanda-del-comprador
├ ○ /es/deslizar
├ ○ /es/deslizar/alquilar
├ ○ /es/deslizar/comprar
├ ƒ /es/escasez-de-mercado
├ ƒ /es/estrategia-de-precios
├ ƒ /es/explora
├ ○ /es/favoritos
├ ƒ /es/inteligencia-de-mercado
├ ○ /es/inteligencia-de-mercado/paquetes
├ ƒ /es/precio-por-metro-cuadrado
├ ○ /es/publicar-alquiler-arrendamiento
├ ƒ /es/publicar-alquiler-arrendamiento/editar/[id]
├ ƒ /es/valoracion
├ ○ /es/vender
├ ƒ /es/vender/editar/[id]
├ ƒ /explore
├ ƒ /legal-status/[legal-status]
├ ○ /login
├ ƒ /market-comparison
├ ƒ /market-matching
├ ƒ /market-scarcity
├ ƒ /price-per-square-meter
├ ƒ /pricing-strategy
├ ƒ /property-type/[property-type]
├ ƒ /province/[province]
├ ƒ /publish-listing/[token]
├ ○ /robots.txt
├ ○ /sitemap.xml
├ ○ /soporte/ayuda
├ ○ /support/help
├ ƒ /terrain/[terrain]
├ ƒ /utility/[utility]
├ ƒ /valuation
└ ƒ /whatsapp-webhook
○  (Static)   prerendered as static content
ƒ  (Dynamic)  server-rendered on demand
Build Completed in /vercel/output [2m]
Deploying outputs...
[2K[1A[2K[G  Production      https://twuanis-0-pi0abcmle-ryans-projects-71456f46.vercel.app
Completing…
▲ Aliased         https://twuanis.com
