signature,exists,owner_verified,security_verified,search_path_verified,public_denied,anon_denied,authenticated_verified,service_verified,no_broader_overload
public.activate_purchase(uuid),t,t,t,t,t,t,t,t,t
public.approve_sinpe_payment(uuid),t,t,t,t,t,t,t,t,t
public.assign_default_market_package(),t,t,t,t,t,t,t,t,t
public.attach_customer_duplicate_media(uuid),t,t,t,t,t,t,t,t,t
"public.attach_ordinary_upload(uuid,uuid)",t,t,t,t,t,t,t,t,t
"public.attach_token_canonical_media(text,uuid)",t,t,t,t,t,t,t,t,t
public.claim_abandoned_listing_token(uuid),t,t,t,t,t,t,t,t,t
"public.complete_canonical_source_run(text,uuid,timestamptz,jsonb,jsonb)",t,t,t,t,t,t,t,t,t
"public.complete_csv_source_references(uuid,uuid)",t,t,t,t,t,t,t,t,t
"public.confirm_image_cleanup(uuid,uuid)",t,t,t,t,t,t,t,t,t
"public.create_csv_canonical_listing(uuid,jsonb,jsonb)",t,t,t,t,t,t,t,t,t
"public.create_customer_canonical_listing(uuid,jsonb)",t,t,t,t,t,t,t,t,t
"public.create_trusted_canonical_listing(uuid,jsonb,jsonb)",t,t,t,t,t,t,t,t,t
"public.detach_listing_image(uuid,uuid,text)",t,t,t,t,t,t,t,t,t
"public.edit_customer_canonical_listing(uuid,bigint,uuid,jsonb,jsonb)",t,t,t,t,t,t,t,t,t
"public.get_image_detach_operation(uuid,uuid)",t,t,t,t,t,t,t,t,t
"public.get_ordinary_upload(uuid,uuid)",t,t,t,t,t,t,t,t,t
"public.get_token_canonical_operation(text,uuid)",t,t,t,t,t,t,t,t,t
"public.ingest_canonical_source_observation(uuid,jsonb)",t,t,t,t,t,t,t,t,t
public.initially_publish_csv_listing(uuid),t,t,t,t,t,t,t,t,t
public.is_current_user_import_operator(),t,t,t,t,t,t,t,t,t
"public.mutate_customer_canonical_listing(uuid,bigint,uuid,jsonb)",t,t,t,t,t,t,t,t,t
"public.mutate_trusted_canonical_listing(uuid,bigint,uuid,jsonb,jsonb)",t,t,t,t,t,t,t,t,t
"public.prepare_customer_duplicate(uuid,uuid)",t,t,t,t,t,t,t,t,t
"public.prepare_ordinary_upload(uuid,uuid,integer)",t,t,t,t,t,t,t,t,t
"public.prepare_token_canonical_listing(text,uuid,jsonb,jsonb)",t,t,t,t,t,t,t,t,t
"public.publish_customer_canonical_listing(uuid,bigint,uuid,text)",t,t,t,t,t,t,t,t,t
public.publish_token_canonical_listing(text),t,t,t,t,t,t,t,t,t
"public.read_canonical_listing_evidence(uuid[],text[],text[])",t,t,t,t,t,t,t,t,t
"public.read_legacy_geographic_candidates(text[],text[],text[],text[],text)",t,t,t,t,t,t,t,t,t
public.read_legacy_geography_dictionary(uuid[]),t,t,t,t,t,t,t,t,t
"public.reorder_listing_images(uuid,uuid,text,text[])",t,t,t,t,t,t,t,t,t
"public.retain_csv_source_evidence(jsonb,jsonb)",t,t,t,t,t,t,t,t,t
"public.write_listing_canonical_server(uuid,text,text,text,text,text)",t,t,t,t,t,t,t,t,t
"public.write_my_listing_canonical(uuid,text,text,text,text,text)",t,t,t,t,t,t,t,t,t
"twuanis_canonical_private.capacity_state(bigint,bigint)",t,t,t,t,t,t,t,t,t
twuanis_canonical_private.ensure_publisher_account(uuid),t,t,t,t,t,t,t,t,t
twuanis_canonical_private.finite_numeric(numeric),t,t,t,t,t,t,t,t,t
twuanis_canonical_private.guard_csv_source_reference_completion(),t,t,t,t,t,t,t,t,t
twuanis_canonical_private.guard_duplicate_publication(),t,t,t,t,t,t,t,t,t
twuanis_canonical_private.guard_publication_entitlement(),t,t,t,t,t,t,t,t,t
twuanis_canonical_private.guard_token_media_publication(),t,t,t,t,t,t,t,t,t
twuanis_canonical_private.guard_token_snapshot(),t,t,t,t,t,t,t,t,t
twuanis_canonical_private.initialize_capacity_guard(),t,t,t,t,t,t,t,t,t
twuanis_canonical_private.lock_capacity_policy(boolean),t,t,t,t,t,t,t,t,t
twuanis_canonical_private.lock_publisher(uuid),t,t,t,t,t,t,t,t,t
"twuanis_canonical_private.publisher_allowance(uuid,uuid)",t,t,t,t,t,t,t,t,t
"twuanis_canonical_private.publisher_consumption(uuid,uuid)",t,t,t,t,t,t,t,t,t
twuanis_canonical_private.reject_csv_evidence_change(),t,t,t,t,t,t,t,t,t
twuanis_canonical_private.reject_immutable_mutation(),t,t,t,t,t,t,t,t,t
twuanis_canonical_private.resolve_publisher(uuid),t,t,t,t,t,t,t,t,t
"twuanis_canonical_private.s11_image_string(jsonb,boolean)",t,t,t,t,t,t,t,t,t
twuanis_canonical_private.s11_image_trim(text),t,t,t,t,t,t,t,t,t
"twuanis_canonical_private.s3_command(uuid,bigint,text,text,uuid,jsonb,jsonb)",t,t,t,t,t,t,t,t,t
twuanis_canonical_private.s3_decimal(jsonb),t,t,t,t,t,t,t,t,t
twuanis_canonical_private.s3_geography(jsonb),t,t,t,t,t,t,t,t,t
"twuanis_canonical_private.s3_keys(jsonb,text[],text[])",t,t,t,t,t,t,t,t,t
"twuanis_canonical_private.s3_origins(uuid,text,bigint[],uuid)",t,t,t,t,t,t,t,t,t
twuanis_canonical_private.s3_seal_classification(uuid),t,t,t,t,t,t,t,t,t
twuanis_canonical_private.s3_sealed_rule_guard(),t,t,t,t,t,t,t,t,t
twuanis_canonical_private.s3_term_ids(jsonb),t,t,t,t,t,t,t,t,t
"twuanis_canonical_private.s4_create_core(uuid,uuid,jsonb,jsonb)",t,t,t,t,t,t,t,t,t
"twuanis_canonical_private.s4_domains(jsonb,text)",t,t,t,t,t,t,t,t,t
"twuanis_canonical_private.s6_legacy_normalize(text,boolean)",t,t,t,t,t,t,t,t,t
"twuanis_canonical_private.set_import_operator(uuid,boolean)",t,t,t,t,t,t,t,t,t
twuanis_canonical_private.validate_classification_rule(),t,t,t,t,t,t,t,t,t
twuanis_canonical_private.validate_new_term_reference(),t,t,t,t,t,t,t,t,t
twuanis_private.normalize_geographic_projection(text),t,t,t,t,t,t,t,t,t
"twuanis_private.write_listing_canonical(uuid,text,text,text,text,text,uuid,boolean)",t,t,t,t,t,t,t,t,t
r,t,p,denied
anon,public.listings,INSERT,t
authenticated,public.listings,INSERT,t
service_role,public.listings,INSERT,t
anon,public.listings_ontology_terms,INSERT,t
authenticated,public.listings_ontology_terms,INSERT,t
service_role,public.listings_ontology_terms,INSERT,t
anon,public.listings,UPDATE,t
authenticated,public.listings,UPDATE,t
service_role,public.listings,UPDATE,t
anon,public.listings_ontology_terms,UPDATE,t
authenticated,public.listings_ontology_terms,UPDATE,t
service_role,public.listings_ontology_terms,UPDATE,t
anon,public.listings,DELETE,t
authenticated,public.listings,DELETE,t
service_role,public.listings,DELETE,t
anon,public.listings_ontology_terms,DELETE,t
authenticated,public.listings_ontology_terms,DELETE,t
service_role,public.listings_ontology_terms,DELETE,t
anon,public.listings,TRUNCATE,t
authenticated,public.listings,TRUNCATE,t
service_role,public.listings,TRUNCATE,t
anon,public.listings_ontology_terms,TRUNCATE,t
authenticated,public.listings_ontology_terms,TRUNCATE,t
service_role,public.listings_ontology_terms,TRUNCATE,t
anon,public.listings,REFERENCES,t
authenticated,public.listings,REFERENCES,t
service_role,public.listings,REFERENCES,t
anon,public.listings_ontology_terms,REFERENCES,t
authenticated,public.listings_ontology_terms,REFERENCES,t
service_role,public.listings_ontology_terms,REFERENCES,t
anon,public.listings,TRIGGER,t
authenticated,public.listings,TRIGGER,t
service_role,public.listings,TRIGGER,t
anon,public.listings_ontology_terms,TRIGGER,t
authenticated,public.listings_ontology_terms,TRIGGER,t
service_role,public.listings_ontology_terms,TRIGGER,t
r,t,p,denied
anon,public.ontology_terms,TRUNCATE,t
anon,public.ontology_terms,REFERENCES,t
anon,public.ontology_terms,TRIGGER,t
authenticated,public.ontology_terms,TRUNCATE,t
authenticated,public.ontology_terms,REFERENCES,t
authenticated,public.ontology_terms,TRIGGER,t
service_role,public.ontology_terms,TRUNCATE,t
service_role,public.ontology_terms,REFERENCES,t
service_role,public.ontology_terms,TRIGGER,t
anon,public.entitlements,TRUNCATE,t
anon,public.entitlements,REFERENCES,t
anon,public.entitlements,TRIGGER,t
authenticated,public.entitlements,TRUNCATE,t
authenticated,public.entitlements,REFERENCES,t
authenticated,public.entitlements,TRIGGER,t
service_role,public.entitlements,TRUNCATE,t
service_role,public.entitlements,REFERENCES,t
service_role,public.entitlements,TRIGGER,t
anon,public.package_entitlements,TRUNCATE,t
anon,public.package_entitlements,REFERENCES,t
anon,public.package_entitlements,TRIGGER,t
authenticated,public.package_entitlements,TRUNCATE,t
authenticated,public.package_entitlements,REFERENCES,t
authenticated,public.package_entitlements,TRIGGER,t
service_role,public.package_entitlements,TRUNCATE,t
service_role,public.package_entitlements,REFERENCES,t
service_role,public.package_entitlements,TRIGGER,t
anon,public.package_limits,TRUNCATE,t
anon,public.package_limits,REFERENCES,t
anon,public.package_limits,TRIGGER,t
authenticated,public.package_limits,TRUNCATE,t
authenticated,public.package_limits,REFERENCES,t
authenticated,public.package_limits,TRIGGER,t
service_role,public.package_limits,TRUNCATE,t
service_role,public.package_limits,REFERENCES,t
service_role,public.package_limits,TRIGGER,t
anon,public.packages,TRUNCATE,t
anon,public.packages,REFERENCES,t
anon,public.packages,TRIGGER,t
authenticated,public.packages,TRUNCATE,t
authenticated,public.packages,REFERENCES,t
authenticated,public.packages,TRIGGER,t
service_role,public.packages,TRUNCATE,t
service_role,public.packages,REFERENCES,t
service_role,public.packages,TRIGGER,t
anon,public.user_subscriptions,TRUNCATE,t
anon,public.user_subscriptions,REFERENCES,t
anon,public.user_subscriptions,TRIGGER,t
authenticated,public.user_subscriptions,TRUNCATE,t
authenticated,public.user_subscriptions,REFERENCES,t
authenticated,public.user_subscriptions,TRIGGER,t
service_role,public.user_subscriptions,TRUNCATE,t
service_role,public.user_subscriptions,REFERENCES,t
service_role,public.user_subscriptions,TRIGGER,t
anon,public.saved_analyses,TRUNCATE,t
anon,public.saved_analyses,REFERENCES,t
anon,public.saved_analyses,TRIGGER,t
authenticated,public.saved_analyses,TRUNCATE,t
authenticated,public.saved_analyses,REFERENCES,t
authenticated,public.saved_analyses,TRIGGER,t
service_role,public.saved_analyses,TRUNCATE,t
service_role,public.saved_analyses,REFERENCES,t
service_role,public.saved_analyses,TRIGGER,t
anon,public.listing_publish_tokens,TRUNCATE,t
anon,public.listing_publish_tokens,REFERENCES,t
anon,public.listing_publish_tokens,TRIGGER,t
authenticated,public.listing_publish_tokens,TRUNCATE,t
authenticated,public.listing_publish_tokens,REFERENCES,t
authenticated,public.listing_publish_tokens,TRIGGER,t
service_role,public.listing_publish_tokens,TRUNCATE,t
service_role,public.listing_publish_tokens,REFERENCES,t
service_role,public.listing_publish_tokens,TRIGGER,t
anon,public.payment_reviewers,TRUNCATE,t
anon,public.payment_reviewers,REFERENCES,t
anon,public.payment_reviewers,TRIGGER,t
authenticated,public.payment_reviewers,TRUNCATE,t
authenticated,public.payment_reviewers,REFERENCES,t
authenticated,public.payment_reviewers,TRIGGER,t
service_role,public.payment_reviewers,TRUNCATE,t
service_role,public.payment_reviewers,REFERENCES,t
service_role,public.payment_reviewers,TRIGGER,t
r,object,attname,p,denied
anon,listings,id,INSERT,t
anon,listings,owner_id,INSERT,t
anon,listings,transaction_type,INSERT,t
anon,listings,listing_status,INSERT,t
anon,listings,currency,INSERT,t
anon,listings,current_price,INSERT,t
anon,listings,price_millions,INSERT,t
anon,listings,monthly_price,INSERT,t
anon,listings,property_area,INSERT,t
anon,listings,construction_area,INSERT,t
anon,listings,title,INSERT,t
anon,listings,images,INSERT,t
anon,listings,published_at,INSERT,t
anon,listings,updated_at,INSERT,t
anon,listings,expired_at,INSERT,t
anon,listings,deleted_at,INSERT,t
anon,listings,renewed_at,INSERT,t
anon,listings,archived_at,INSERT,t
anon,listings,listing_origin,INSERT,t
anon,listings,listing_source_type,INSERT,t
anon,listings,source_name,INSERT,t
anon,listings,source_listing_id,INSERT,t
anon,listings,province,INSERT,t
anon,listings,canton,INSERT,t
anon,listings,district,INSERT,t
anon,listings,province_normalized,INSERT,t
anon,listings,canton_normalized,INSERT,t
anon,listings,district_normalized,INSERT,t
anon,listings,property_type,INSERT,t
anon,listings,utility,INSERT,t
anon,listings,environment,INSERT,t
anon,listings,terrain,INSERT,t
anon,listings,accessibility,INSERT,t
anon,listings,legal_status,INSERT,t
anon,listings,bedrooms,INSERT,t
anon,listings,bathrooms,INSERT,t
anon,listings,parking,INSERT,t
anon,listings,year_built_range,INSERT,t
anon,listings,distance_to_paved_road_range,INSERT,t
anon,listings,first_seen,INSERT,t
anon,listings,last_seen,INSERT,t
anon,listings,last_scraped,INSERT,t
anon,listings,times_scraped,INSERT,t
anon,listings,description,INSERT,t
anon,listings,whatsapp,INSERT,t
anon,listings,canonical_revision,INSERT,t
anon,listings,publisher_account_id,INSERT,t
anon,listings,publication_expires_at,INSERT,t
anon,listings,canonical_domain_version,INSERT,t
anon,listings_ontology_terms,listing_id,INSERT,t
anon,listings_ontology_terms,ontology_term_id,INSERT,t
authenticated,listings,id,INSERT,t
authenticated,listings,owner_id,INSERT,t
authenticated,listings,transaction_type,INSERT,t
authenticated,listings,listing_status,INSERT,t
authenticated,listings,currency,INSERT,t
authenticated,listings,current_price,INSERT,t
authenticated,listings,price_millions,INSERT,t
authenticated,listings,monthly_price,INSERT,t
authenticated,listings,property_area,INSERT,t
authenticated,listings,construction_area,INSERT,t
authenticated,listings,title,INSERT,t
authenticated,listings,images,INSERT,t
authenticated,listings,published_at,INSERT,t
authenticated,listings,updated_at,INSERT,t
authenticated,listings,expired_at,INSERT,t
authenticated,listings,deleted_at,INSERT,t
authenticated,listings,renewed_at,INSERT,t
authenticated,listings,archived_at,INSERT,t
authenticated,listings,listing_origin,INSERT,t
authenticated,listings,listing_source_type,INSERT,t
authenticated,listings,source_name,INSERT,t
authenticated,listings,source_listing_id,INSERT,t
authenticated,listings,province,INSERT,t
authenticated,listings,canton,INSERT,t
authenticated,listings,district,INSERT,t
authenticated,listings,province_normalized,INSERT,t
authenticated,listings,canton_normalized,INSERT,t
authenticated,listings,district_normalized,INSERT,t
authenticated,listings,property_type,INSERT,t
authenticated,listings,utility,INSERT,t
authenticated,listings,environment,INSERT,t
authenticated,listings,terrain,INSERT,t
authenticated,listings,accessibility,INSERT,t
authenticated,listings,legal_status,INSERT,t
authenticated,listings,bedrooms,INSERT,t
authenticated,listings,bathrooms,INSERT,t
authenticated,listings,parking,INSERT,t
authenticated,listings,year_built_range,INSERT,t
authenticated,listings,distance_to_paved_road_range,INSERT,t
authenticated,listings,first_seen,INSERT,t
authenticated,listings,last_seen,INSERT,t
authenticated,listings,last_scraped,INSERT,t
authenticated,listings,times_scraped,INSERT,t
authenticated,listings,description,INSERT,t
authenticated,listings,whatsapp,INSERT,t
authenticated,listings,canonical_revision,INSERT,t
authenticated,listings,publisher_account_id,INSERT,t
authenticated,listings,publication_expires_at,INSERT,t
authenticated,listings,canonical_domain_version,INSERT,t
authenticated,listings_ontology_terms,listing_id,INSERT,t
authenticated,listings_ontology_terms,ontology_term_id,INSERT,t
service_role,listings,id,INSERT,t
service_role,listings,owner_id,INSERT,t
service_role,listings,transaction_type,INSERT,t
service_role,listings,listing_status,INSERT,t
service_role,listings,currency,INSERT,t
service_role,listings,current_price,INSERT,t
service_role,listings,price_millions,INSERT,t
service_role,listings,monthly_price,INSERT,t
service_role,listings,property_area,INSERT,t
service_role,listings,construction_area,INSERT,t
service_role,listings,title,INSERT,t
service_role,listings,images,INSERT,t
service_role,listings,published_at,INSERT,t
service_role,listings,updated_at,INSERT,t
service_role,listings,expired_at,INSERT,t
service_role,listings,deleted_at,INSERT,t
service_role,listings,renewed_at,INSERT,t
service_role,listings,archived_at,INSERT,t
service_role,listings,listing_origin,INSERT,t
service_role,listings,listing_source_type,INSERT,t
service_role,listings,source_name,INSERT,t
service_role,listings,source_listing_id,INSERT,t
service_role,listings,province,INSERT,t
service_role,listings,canton,INSERT,t
service_role,listings,district,INSERT,t
service_role,listings,province_normalized,INSERT,t
service_role,listings,canton_normalized,INSERT,t
service_role,listings,district_normalized,INSERT,t
service_role,listings,property_type,INSERT,t
service_role,listings,utility,INSERT,t
service_role,listings,environment,INSERT,t
service_role,listings,terrain,INSERT,t
service_role,listings,accessibility,INSERT,t
service_role,listings,legal_status,INSERT,t
service_role,listings,bedrooms,INSERT,t
service_role,listings,bathrooms,INSERT,t
service_role,listings,parking,INSERT,t
service_role,listings,year_built_range,INSERT,t
service_role,listings,distance_to_paved_road_range,INSERT,t
service_role,listings,first_seen,INSERT,t
service_role,listings,last_seen,INSERT,t
service_role,listings,last_scraped,INSERT,t
service_role,listings,times_scraped,INSERT,t
service_role,listings,description,INSERT,t
service_role,listings,whatsapp,INSERT,t
service_role,listings,canonical_revision,INSERT,t
service_role,listings,publisher_account_id,INSERT,t
service_role,listings,publication_expires_at,INSERT,t
service_role,listings,canonical_domain_version,INSERT,t
service_role,listings_ontology_terms,listing_id,INSERT,t
service_role,listings_ontology_terms,ontology_term_id,INSERT,t
anon,listings,id,UPDATE,t
anon,listings,owner_id,UPDATE,t
anon,listings,transaction_type,UPDATE,t
anon,listings,listing_status,UPDATE,t
anon,listings,currency,UPDATE,t
anon,listings,current_price,UPDATE,t
anon,listings,price_millions,UPDATE,t
anon,listings,monthly_price,UPDATE,t
anon,listings,property_area,UPDATE,t
anon,listings,construction_area,UPDATE,t
anon,listings,title,UPDATE,t
anon,listings,images,UPDATE,t
anon,listings,published_at,UPDATE,t
anon,listings,updated_at,UPDATE,t
anon,listings,expired_at,UPDATE,t
anon,listings,deleted_at,UPDATE,t
anon,listings,renewed_at,UPDATE,t
anon,listings,archived_at,UPDATE,t
anon,listings,listing_origin,UPDATE,t
anon,listings,listing_source_type,UPDATE,t
anon,listings,source_name,UPDATE,t
anon,listings,source_listing_id,UPDATE,t
anon,listings,province,UPDATE,t
anon,listings,canton,UPDATE,t
anon,listings,district,UPDATE,t
anon,listings,province_normalized,UPDATE,t
anon,listings,canton_normalized,UPDATE,t
anon,listings,district_normalized,UPDATE,t
anon,listings,property_type,UPDATE,t
anon,listings,utility,UPDATE,t
anon,listings,environment,UPDATE,t
anon,listings,terrain,UPDATE,t
anon,listings,accessibility,UPDATE,t
anon,listings,legal_status,UPDATE,t
anon,listings,bedrooms,UPDATE,t
anon,listings,bathrooms,UPDATE,t
anon,listings,parking,UPDATE,t
anon,listings,year_built_range,UPDATE,t
anon,listings,distance_to_paved_road_range,UPDATE,t
anon,listings,first_seen,UPDATE,t
anon,listings,last_seen,UPDATE,t
anon,listings,last_scraped,UPDATE,t
anon,listings,times_scraped,UPDATE,t
anon,listings,description,UPDATE,t
anon,listings,whatsapp,UPDATE,t
anon,listings,canonical_revision,UPDATE,t
anon,listings,publisher_account_id,UPDATE,t
anon,listings,publication_expires_at,UPDATE,t
anon,listings,canonical_domain_version,UPDATE,t
anon,listings_ontology_terms,listing_id,UPDATE,t
anon,listings_ontology_terms,ontology_term_id,UPDATE,t
authenticated,listings,id,UPDATE,t
authenticated,listings,owner_id,UPDATE,t
authenticated,listings,transaction_type,UPDATE,t
authenticated,listings,listing_status,UPDATE,t
authenticated,listings,currency,UPDATE,t
authenticated,listings,current_price,UPDATE,t
authenticated,listings,price_millions,UPDATE,t
authenticated,listings,monthly_price,UPDATE,t
authenticated,listings,property_area,UPDATE,t
authenticated,listings,construction_area,UPDATE,t
authenticated,listings,title,UPDATE,t
authenticated,listings,images,UPDATE,t
authenticated,listings,published_at,UPDATE,t
authenticated,listings,updated_at,UPDATE,t
authenticated,listings,expired_at,UPDATE,t
authenticated,listings,deleted_at,UPDATE,t
authenticated,listings,renewed_at,UPDATE,t
authenticated,listings,archived_at,UPDATE,t
authenticated,listings,listing_origin,UPDATE,t
authenticated,listings,listing_source_type,UPDATE,t
authenticated,listings,source_name,UPDATE,t
authenticated,listings,source_listing_id,UPDATE,t
authenticated,listings,province,UPDATE,t
authenticated,listings,canton,UPDATE,t
authenticated,listings,district,UPDATE,t
authenticated,listings,province_normalized,UPDATE,t
authenticated,listings,canton_normalized,UPDATE,t
authenticated,listings,district_normalized,UPDATE,t
authenticated,listings,property_type,UPDATE,t
authenticated,listings,utility,UPDATE,t
authenticated,listings,environment,UPDATE,t
authenticated,listings,terrain,UPDATE,t
authenticated,listings,accessibility,UPDATE,t
authenticated,listings,legal_status,UPDATE,t
authenticated,listings,bedrooms,UPDATE,t
authenticated,listings,bathrooms,UPDATE,t
authenticated,listings,parking,UPDATE,t
authenticated,listings,year_built_range,UPDATE,t
authenticated,listings,distance_to_paved_road_range,UPDATE,t
authenticated,listings,first_seen,UPDATE,t
authenticated,listings,last_seen,UPDATE,t
authenticated,listings,last_scraped,UPDATE,t
authenticated,listings,times_scraped,UPDATE,t
authenticated,listings,description,UPDATE,t
authenticated,listings,whatsapp,UPDATE,t
authenticated,listings,canonical_revision,UPDATE,t
authenticated,listings,publisher_account_id,UPDATE,t
authenticated,listings,publication_expires_at,UPDATE,t
authenticated,listings,canonical_domain_version,UPDATE,t
authenticated,listings_ontology_terms,listing_id,UPDATE,t
authenticated,listings_ontology_terms,ontology_term_id,UPDATE,t
service_role,listings,id,UPDATE,t
service_role,listings,owner_id,UPDATE,t
service_role,listings,transaction_type,UPDATE,t
service_role,listings,listing_status,UPDATE,t
service_role,listings,currency,UPDATE,t
service_role,listings,current_price,UPDATE,t
service_role,listings,price_millions,UPDATE,t
service_role,listings,monthly_price,UPDATE,t
service_role,listings,property_area,UPDATE,t
service_role,listings,construction_area,UPDATE,t
service_role,listings,title,UPDATE,t
service_role,listings,images,UPDATE,t
service_role,listings,published_at,UPDATE,t
service_role,listings,updated_at,UPDATE,t
service_role,listings,expired_at,UPDATE,t
service_role,listings,deleted_at,UPDATE,t
service_role,listings,renewed_at,UPDATE,t
service_role,listings,archived_at,UPDATE,t
service_role,listings,listing_origin,UPDATE,t
service_role,listings,listing_source_type,UPDATE,t
service_role,listings,source_name,UPDATE,t
service_role,listings,source_listing_id,UPDATE,t
service_role,listings,province,UPDATE,t
service_role,listings,canton,UPDATE,t
service_role,listings,district,UPDATE,t
service_role,listings,province_normalized,UPDATE,t
service_role,listings,canton_normalized,UPDATE,t
service_role,listings,district_normalized,UPDATE,t
service_role,listings,property_type,UPDATE,t
service_role,listings,utility,UPDATE,t
service_role,listings,environment,UPDATE,t
service_role,listings,terrain,UPDATE,t
service_role,listings,accessibility,UPDATE,t
service_role,listings,legal_status,UPDATE,t
service_role,listings,bedrooms,UPDATE,t
service_role,listings,bathrooms,UPDATE,t
service_role,listings,parking,UPDATE,t
service_role,listings,year_built_range,UPDATE,t
service_role,listings,distance_to_paved_road_range,UPDATE,t
service_role,listings,first_seen,UPDATE,t
service_role,listings,last_seen,UPDATE,t
service_role,listings,last_scraped,UPDATE,t
service_role,listings,times_scraped,UPDATE,t
service_role,listings,description,UPDATE,t
service_role,listings,whatsapp,UPDATE,t
service_role,listings,canonical_revision,UPDATE,t
service_role,listings,publisher_account_id,UPDATE,t
service_role,listings,publication_expires_at,UPDATE,t
service_role,listings,canonical_domain_version,UPDATE,t
service_role,listings_ontology_terms,listing_id,UPDATE,t
service_role,listings_ontology_terms,ontology_term_id,UPDATE,t
anon,listings,id,REFERENCES,t
anon,listings,owner_id,REFERENCES,t
anon,listings,transaction_type,REFERENCES,t
anon,listings,listing_status,REFERENCES,t
anon,listings,currency,REFERENCES,t
anon,listings,current_price,REFERENCES,t
anon,listings,price_millions,REFERENCES,t
anon,listings,monthly_price,REFERENCES,t
anon,listings,property_area,REFERENCES,t
anon,listings,construction_area,REFERENCES,t
anon,listings,title,REFERENCES,t
anon,listings,images,REFERENCES,t
anon,listings,published_at,REFERENCES,t
anon,listings,updated_at,REFERENCES,t
anon,listings,expired_at,REFERENCES,t
anon,listings,deleted_at,REFERENCES,t
anon,listings,renewed_at,REFERENCES,t
anon,listings,archived_at,REFERENCES,t
anon,listings,listing_origin,REFERENCES,t
anon,listings,listing_source_type,REFERENCES,t
anon,listings,source_name,REFERENCES,t
anon,listings,source_listing_id,REFERENCES,t
anon,listings,province,REFERENCES,t
anon,listings,canton,REFERENCES,t
anon,listings,district,REFERENCES,t
anon,listings,province_normalized,REFERENCES,t
anon,listings,canton_normalized,REFERENCES,t
anon,listings,district_normalized,REFERENCES,t
anon,listings,property_type,REFERENCES,t
anon,listings,utility,REFERENCES,t
anon,listings,environment,REFERENCES,t
anon,listings,terrain,REFERENCES,t
anon,listings,accessibility,REFERENCES,t
anon,listings,legal_status,REFERENCES,t
anon,listings,bedrooms,REFERENCES,t
anon,listings,bathrooms,REFERENCES,t
anon,listings,parking,REFERENCES,t
anon,listings,year_built_range,REFERENCES,t
anon,listings,distance_to_paved_road_range,REFERENCES,t
anon,listings,first_seen,REFERENCES,t
anon,listings,last_seen,REFERENCES,t
anon,listings,last_scraped,REFERENCES,t
anon,listings,times_scraped,REFERENCES,t
anon,listings,description,REFERENCES,t
anon,listings,whatsapp,REFERENCES,t
anon,listings,canonical_revision,REFERENCES,t
anon,listings,publisher_account_id,REFERENCES,t
anon,listings,publication_expires_at,REFERENCES,t
anon,listings,canonical_domain_version,REFERENCES,t
anon,listings_ontology_terms,listing_id,REFERENCES,t
anon,listings_ontology_terms,ontology_term_id,REFERENCES,t
authenticated,listings,id,REFERENCES,t
authenticated,listings,owner_id,REFERENCES,t
authenticated,listings,transaction_type,REFERENCES,t
authenticated,listings,listing_status,REFERENCES,t
authenticated,listings,currency,REFERENCES,t
authenticated,listings,current_price,REFERENCES,t
authenticated,listings,price_millions,REFERENCES,t
authenticated,listings,monthly_price,REFERENCES,t
authenticated,listings,property_area,REFERENCES,t
authenticated,listings,construction_area,REFERENCES,t
authenticated,listings,title,REFERENCES,t
authenticated,listings,images,REFERENCES,t
authenticated,listings,published_at,REFERENCES,t
authenticated,listings,updated_at,REFERENCES,t
authenticated,listings,expired_at,REFERENCES,t
authenticated,listings,deleted_at,REFERENCES,t
authenticated,listings,renewed_at,REFERENCES,t
authenticated,listings,archived_at,REFERENCES,t
authenticated,listings,listing_origin,REFERENCES,t
authenticated,listings,listing_source_type,REFERENCES,t
authenticated,listings,source_name,REFERENCES,t
authenticated,listings,source_listing_id,REFERENCES,t
authenticated,listings,province,REFERENCES,t
authenticated,listings,canton,REFERENCES,t
authenticated,listings,district,REFERENCES,t
authenticated,listings,province_normalized,REFERENCES,t
authenticated,listings,canton_normalized,REFERENCES,t
authenticated,listings,district_normalized,REFERENCES,t
authenticated,listings,property_type,REFERENCES,t
authenticated,listings,utility,REFERENCES,t
authenticated,listings,environment,REFERENCES,t
authenticated,listings,terrain,REFERENCES,t
authenticated,listings,accessibility,REFERENCES,t
authenticated,listings,legal_status,REFERENCES,t
authenticated,listings,bedrooms,REFERENCES,t
authenticated,listings,bathrooms,REFERENCES,t
authenticated,listings,parking,REFERENCES,t
authenticated,listings,year_built_range,REFERENCES,t
authenticated,listings,distance_to_paved_road_range,REFERENCES,t
authenticated,listings,first_seen,REFERENCES,t
authenticated,listings,last_seen,REFERENCES,t
authenticated,listings,last_scraped,REFERENCES,t
authenticated,listings,times_scraped,REFERENCES,t
authenticated,listings,description,REFERENCES,t
authenticated,listings,whatsapp,REFERENCES,t
authenticated,listings,canonical_revision,REFERENCES,t
authenticated,listings,publisher_account_id,REFERENCES,t
authenticated,listings,publication_expires_at,REFERENCES,t
authenticated,listings,canonical_domain_version,REFERENCES,t
authenticated,listings_ontology_terms,listing_id,REFERENCES,t
authenticated,listings_ontology_terms,ontology_term_id,REFERENCES,t
service_role,listings,id,REFERENCES,t
service_role,listings,owner_id,REFERENCES,t
service_role,listings,transaction_type,REFERENCES,t
service_role,listings,listing_status,REFERENCES,t
service_role,listings,currency,REFERENCES,t
service_role,listings,current_price,REFERENCES,t
service_role,listings,price_millions,REFERENCES,t
service_role,listings,monthly_price,REFERENCES,t
service_role,listings,property_area,REFERENCES,t
service_role,listings,construction_area,REFERENCES,t
service_role,listings,title,REFERENCES,t
service_role,listings,images,REFERENCES,t
service_role,listings,published_at,REFERENCES,t
service_role,listings,updated_at,REFERENCES,t
service_role,listings,expired_at,REFERENCES,t
service_role,listings,deleted_at,REFERENCES,t
service_role,listings,renewed_at,REFERENCES,t
service_role,listings,archived_at,REFERENCES,t
service_role,listings,listing_origin,REFERENCES,t
service_role,listings,listing_source_type,REFERENCES,t
service_role,listings,source_name,REFERENCES,t
service_role,listings,source_listing_id,REFERENCES,t
service_role,listings,province,REFERENCES,t
service_role,listings,canton,REFERENCES,t
service_role,listings,district,REFERENCES,t
service_role,listings,province_normalized,REFERENCES,t
service_role,listings,canton_normalized,REFERENCES,t
service_role,listings,district_normalized,REFERENCES,t
service_role,listings,property_type,REFERENCES,t
service_role,listings,utility,REFERENCES,t
service_role,listings,environment,REFERENCES,t
service_role,listings,terrain,REFERENCES,t
service_role,listings,accessibility,REFERENCES,t
service_role,listings,legal_status,REFERENCES,t
service_role,listings,bedrooms,REFERENCES,t
service_role,listings,bathrooms,REFERENCES,t
service_role,listings,parking,REFERENCES,t
service_role,listings,year_built_range,REFERENCES,t
service_role,listings,distance_to_paved_road_range,REFERENCES,t
service_role,listings,first_seen,REFERENCES,t
service_role,listings,last_seen,REFERENCES,t
service_role,listings,last_scraped,REFERENCES,t
service_role,listings,times_scraped,REFERENCES,t
service_role,listings,description,REFERENCES,t
service_role,listings,whatsapp,REFERENCES,t
service_role,listings,canonical_revision,REFERENCES,t
service_role,listings,publisher_account_id,REFERENCES,t
service_role,listings,publication_expires_at,REFERENCES,t
service_role,listings,canonical_domain_version,REFERENCES,t
service_role,listings_ontology_terms,listing_id,REFERENCES,t
service_role,listings_ontology_terms,ontology_term_id,REFERENCES,t
r,obsolete_denied
anon,t
authenticated,t
service_role,t
required_ontology_read
t
rolname,rolsuper,rolbypassrls,rolcreaterole,rolinherit,rolcanlogin
anon,f,f,f,t,f
authenticated,f,f,f,t,f
service_role,f,t,f,t,f
r,rolname
nspname,relname,pg_get_userbyid
relationship_server_read_verified
t
r,p,relationship_mutation_denied
anon,INSERT,t
anon,UPDATE,t
anon,DELETE,t
anon,TRUNCATE,t
anon,REFERENCES,t
anon,TRIGGER,t
anon,MAINTAIN,t
authenticated,INSERT,t
authenticated,UPDATE,t
authenticated,DELETE,t
authenticated,TRUNCATE,t
authenticated,REFERENCES,t
authenticated,TRIGGER,t
authenticated,MAINTAIN,t
service_role,INSERT,t
service_role,UPDATE,t
service_role,DELETE,t
service_role,TRUNCATE,t
service_role,REFERENCES,t
service_role,TRIGGER,t
service_role,MAINTAIN,t
r,attname,p,relationship_column_mutation_denied
anon,source_term_id,INSERT,t
anon,target_term_id,INSERT,t
anon,relationship_type,INSERT,t
authenticated,source_term_id,INSERT,t
authenticated,target_term_id,INSERT,t
authenticated,relationship_type,INSERT,t
service_role,source_term_id,INSERT,t
service_role,target_term_id,INSERT,t
service_role,relationship_type,INSERT,t
anon,source_term_id,UPDATE,t
anon,target_term_id,UPDATE,t
anon,relationship_type,UPDATE,t
authenticated,source_term_id,UPDATE,t
authenticated,target_term_id,UPDATE,t
authenticated,relationship_type,UPDATE,t
service_role,source_term_id,UPDATE,t
service_role,target_term_id,UPDATE,t
service_role,relationship_type,UPDATE,t
anon,source_term_id,REFERENCES,t
anon,target_term_id,REFERENCES,t
anon,relationship_type,REFERENCES,t
authenticated,source_term_id,REFERENCES,t
authenticated,target_term_id,REFERENCES,t
authenticated,relationship_type,REFERENCES,t
service_role,source_term_id,REFERENCES,t
service_role,target_term_id,REFERENCES,t
service_role,relationship_type,REFERENCES,t
relationship_owner_verified,relationship_rls_verified,relationship_force_rls_unchanged,relationship_public_denied,relationship_public_columns_denied
t,t,t,t,t
