Vercel CLI 59.23.2 (Node.js 24.21.0)
Retrieving project…
Deploying ryans-projects-71456f46/twuanis-0
  Inspect         https://vercel.com/ryans-projects-71456f46/twuanis-0/Aw3ZJPye4Ls5BQz2f79KAXsdpDgK
  Production      https://twuanis-0-6wau7tfa7-ryans-projects-71456f46.vercel.app
Building…
Building…
Running build in Washington, D.C., USA (East) – iad1
Build machine configuration: 2 cores, 8 GB
Retrieving list of deployment files...
Downloading 708 deployment files...
Restored build cache from previous deployment (FT3dZtKCRucfK9rXTYmZQuCUe6pc)
Running "vercel build"
Vercel CLI 59.23.2
Installing dependencies...
npm warn deprecated eslint@9.39.5: This version is no longer supported. Please see https://eslint.org/version-support for other options.
added 5 packages, removed 1 package, and changed 147 packages in 13s
204 packages are looking for funding
run `npm fund` for details
npm warn allow-scripts 3 packages have install scripts not yet covered by allowScripts:
npm warn allow-scripts   esbuild@0.28.2 (postinstall: node install.js)
npm warn allow-scripts   puppeteer@24.43.1 (postinstall: node install.mjs)
npm warn allow-scripts   unrs-resolver@1.12.2 (postinstall: node postinstall.js)
npm warn allow-scripts
npm warn allow-scripts Run `npm approve-scripts --allow-scripts-pending` to review, or `npm approve-scripts <pkg>` to allow.
Detected Next.js version: 16.3.4
Running "npm run build"
> twuanis@0.1.0 build
> next build --webpack
▲ Next.js 16.3.4 (webpack)
Applying modifyConfig from Vercel
✓ Running next.config.ts took 109ms
Creating an optimized production build ...
✓ Compiled successfully in 37.0s
Running TypeScript ...
Finished TypeScript in 29.2s ...
Collecting page data using 1 worker ...
Generating static pages using 1 worker (0/87) ...
Generating static pages using 1 worker (21/87)
Generating static pages using 1 worker (43/87)
BedroomFilterS = [Function: e]
BedroomFilterS [Function: e]
Error occurred prerendering page "/en". Read more: https://nextjs.org/docs/messages/prerender-error
Error: Public listing discovery failed: Could not query the database for the schema cache. Retrying.
at h (.next/server/app/api/public-listing-contact/route.js:52:163)
at async j (.next/server/app/en/page.js:1:616) {
digest: '4264617706'
}
Export encountered an error on /en/page: /en, exiting the build.
⨯ Next.js build worker exited with code: 1 and signal: null
Error: Command "npm run build" exited with 1
