r,p,graph_authority_verified
anon,SELECT,t
anon,INSERT,t
anon,UPDATE,t
anon,DELETE,t
anon,TRUNCATE,t
anon,REFERENCES,t
anon,TRIGGER,t
anon,MAINTAIN,t
authenticated,SELECT,t
authenticated,INSERT,t
authenticated,UPDATE,t
authenticated,DELETE,t
authenticated,TRUNCATE,t
authenticated,REFERENCES,t
authenticated,TRIGGER,t
authenticated,MAINTAIN,t
service_role,SELECT,t
service_role,INSERT,t
service_role,UPDATE,t
service_role,DELETE,t
service_role,TRUNCATE,t
service_role,REFERENCES,t
service_role,TRIGGER,t
service_role,MAINTAIN,t
r,attname,p,graph_column_verified
anon,source_term_id,SELECT,t
anon,target_term_id,SELECT,t
anon,relationship_type,SELECT,t
anon,source_name,SELECT,t
anon,source_type,SELECT,t
anon,source_slug,SELECT,t
anon,target_name,SELECT,t
anon,target_type,SELECT,t
anon,target_slug,SELECT,t
anon,source_term_id,INSERT,t
anon,target_term_id,INSERT,t
anon,relationship_type,INSERT,t
anon,source_name,INSERT,t
anon,source_type,INSERT,t
anon,source_slug,INSERT,t
anon,target_name,INSERT,t
anon,target_type,INSERT,t
anon,target_slug,INSERT,t
anon,source_term_id,UPDATE,t
anon,target_term_id,UPDATE,t
anon,relationship_type,UPDATE,t
anon,source_name,UPDATE,t
anon,source_type,UPDATE,t
anon,source_slug,UPDATE,t
anon,target_name,UPDATE,t
anon,target_type,UPDATE,t
anon,target_slug,UPDATE,t
anon,source_term_id,REFERENCES,t
anon,target_term_id,REFERENCES,t
anon,relationship_type,REFERENCES,t
anon,source_name,REFERENCES,t
anon,source_type,REFERENCES,t
anon,source_slug,REFERENCES,t
anon,target_name,REFERENCES,t
anon,target_type,REFERENCES,t
anon,target_slug,REFERENCES,t
authenticated,source_term_id,SELECT,t
authenticated,target_term_id,SELECT,t
authenticated,relationship_type,SELECT,t
authenticated,source_name,SELECT,t
authenticated,source_type,SELECT,t
authenticated,source_slug,SELECT,t
authenticated,target_name,SELECT,t
authenticated,target_type,SELECT,t
authenticated,target_slug,SELECT,t
authenticated,source_term_id,INSERT,t
authenticated,target_term_id,INSERT,t
authenticated,relationship_type,INSERT,t
authenticated,source_name,INSERT,t
authenticated,source_type,INSERT,t
authenticated,source_slug,INSERT,t
authenticated,target_name,INSERT,t
authenticated,target_type,INSERT,t
authenticated,target_slug,INSERT,t
authenticated,source_term_id,UPDATE,t
authenticated,target_term_id,UPDATE,t
authenticated,relationship_type,UPDATE,t
authenticated,source_name,UPDATE,t
authenticated,source_type,UPDATE,t
authenticated,source_slug,UPDATE,t
authenticated,target_name,UPDATE,t
authenticated,target_type,UPDATE,t
authenticated,target_slug,UPDATE,t
authenticated,source_term_id,REFERENCES,t
authenticated,target_term_id,REFERENCES,t
authenticated,relationship_type,REFERENCES,t
authenticated,source_name,REFERENCES,t
authenticated,source_type,REFERENCES,t
authenticated,source_slug,REFERENCES,t
authenticated,target_name,REFERENCES,t
authenticated,target_type,REFERENCES,t
authenticated,target_slug,REFERENCES,t
service_role,source_term_id,SELECT,t
service_role,target_term_id,SELECT,t
service_role,relationship_type,SELECT,t
service_role,source_name,SELECT,t
service_role,source_type,SELECT,t
service_role,source_slug,SELECT,t
service_role,target_name,SELECT,t
service_role,target_type,SELECT,t
service_role,target_slug,SELECT,t
service_role,source_term_id,INSERT,t
service_role,target_term_id,INSERT,t
service_role,relationship_type,INSERT,t
service_role,source_name,INSERT,t
service_role,source_type,INSERT,t
service_role,source_slug,INSERT,t
service_role,target_name,INSERT,t
service_role,target_type,INSERT,t
service_role,target_slug,INSERT,t
service_role,source_term_id,UPDATE,t
service_role,target_term_id,UPDATE,t
service_role,relationship_type,UPDATE,t
service_role,source_name,UPDATE,t
service_role,source_type,UPDATE,t
service_role,source_slug,UPDATE,t
service_role,target_name,UPDATE,t
service_role,target_type,UPDATE,t
service_role,target_slug,UPDATE,t
service_role,source_term_id,REFERENCES,t
service_role,target_term_id,REFERENCES,t
service_role,relationship_type,REFERENCES,t
service_role,source_name,REFERENCES,t
service_role,source_type,REFERENCES,t
service_role,source_slug,REFERENCES,t
service_role,target_name,REFERENCES,t
service_role,target_type,REFERENCES,t
service_role,target_slug,REFERENCES,t
graph_type_verified,graph_owner_verified,owner_refresh_verified,graph_public_denied,graph_public_columns_denied
t,t,t,t,t
