object,owner_verified,rls_verified,trusted_owner_verified,public_denied,r,p,api_denied
canonical_operation_receipts,t,t,t,t,anon,DELETE,t
canonical_operation_receipts,t,t,t,t,anon,INSERT,t
canonical_operation_receipts,t,t,t,t,anon,REFERENCES,t
canonical_operation_receipts,t,t,t,t,anon,SELECT,t
canonical_operation_receipts,t,t,t,t,anon,TRIGGER,t
canonical_operation_receipts,t,t,t,t,anon,TRUNCATE,t
canonical_operation_receipts,t,t,t,t,anon,UPDATE,t
canonical_operation_receipts,t,t,t,t,authenticated,DELETE,t
canonical_operation_receipts,t,t,t,t,authenticated,INSERT,t
canonical_operation_receipts,t,t,t,t,authenticated,REFERENCES,t
canonical_operation_receipts,t,t,t,t,authenticated,SELECT,t
canonical_operation_receipts,t,t,t,t,authenticated,TRIGGER,t
canonical_operation_receipts,t,t,t,t,authenticated,TRUNCATE,t
canonical_operation_receipts,t,t,t,t,authenticated,UPDATE,t
canonical_operation_receipts,t,t,t,t,service_role,DELETE,t
canonical_operation_receipts,t,t,t,t,service_role,INSERT,t
canonical_operation_receipts,t,t,t,t,service_role,REFERENCES,t
canonical_operation_receipts,t,t,t,t,service_role,SELECT,t
canonical_operation_receipts,t,t,t,t,service_role,TRIGGER,t
canonical_operation_receipts,t,t,t,t,service_role,TRUNCATE,t
canonical_operation_receipts,t,t,t,t,service_role,UPDATE,t
capacity_policy_guard,t,t,t,t,anon,DELETE,t
capacity_policy_guard,t,t,t,t,anon,INSERT,t
capacity_policy_guard,t,t,t,t,anon,REFERENCES,t
capacity_policy_guard,t,t,t,t,anon,SELECT,t
capacity_policy_guard,t,t,t,t,anon,TRIGGER,t
capacity_policy_guard,t,t,t,t,anon,TRUNCATE,t
capacity_policy_guard,t,t,t,t,anon,UPDATE,t
capacity_policy_guard,t,t,t,t,authenticated,DELETE,t
capacity_policy_guard,t,t,t,t,authenticated,INSERT,t
capacity_policy_guard,t,t,t,t,authenticated,REFERENCES,t
capacity_policy_guard,t,t,t,t,authenticated,SELECT,t
capacity_policy_guard,t,t,t,t,authenticated,TRIGGER,t
capacity_policy_guard,t,t,t,t,authenticated,TRUNCATE,t
capacity_policy_guard,t,t,t,t,authenticated,UPDATE,t
capacity_policy_guard,t,t,t,t,service_role,DELETE,t
capacity_policy_guard,t,t,t,t,service_role,INSERT,t
capacity_policy_guard,t,t,t,t,service_role,REFERENCES,t
capacity_policy_guard,t,t,t,t,service_role,SELECT,t
capacity_policy_guard,t,t,t,t,service_role,TRIGGER,t
capacity_policy_guard,t,t,t,t,service_role,TRUNCATE,t
capacity_policy_guard,t,t,t,t,service_role,UPDATE,t
listing_classification_rule_sets,t,t,t,t,anon,DELETE,t
listing_classification_rule_sets,t,t,t,t,anon,INSERT,t
listing_classification_rule_sets,t,t,t,t,anon,REFERENCES,t
listing_classification_rule_sets,t,t,t,t,anon,SELECT,t
listing_classification_rule_sets,t,t,t,t,anon,TRIGGER,t
listing_classification_rule_sets,t,t,t,t,anon,TRUNCATE,t
listing_classification_rule_sets,t,t,t,t,anon,UPDATE,t
listing_classification_rule_sets,t,t,t,t,authenticated,DELETE,t
listing_classification_rule_sets,t,t,t,t,authenticated,INSERT,t
listing_classification_rule_sets,t,t,t,t,authenticated,REFERENCES,t
listing_classification_rule_sets,t,t,t,t,authenticated,SELECT,t
listing_classification_rule_sets,t,t,t,t,authenticated,TRIGGER,t
listing_classification_rule_sets,t,t,t,t,authenticated,TRUNCATE,t
listing_classification_rule_sets,t,t,t,t,authenticated,UPDATE,t
listing_classification_rule_sets,t,t,t,t,service_role,DELETE,t
listing_classification_rule_sets,t,t,t,t,service_role,INSERT,t
listing_classification_rule_sets,t,t,t,t,service_role,REFERENCES,t
listing_classification_rule_sets,t,t,t,t,service_role,SELECT,t
listing_classification_rule_sets,t,t,t,t,service_role,TRIGGER,t
listing_classification_rule_sets,t,t,t,t,service_role,TRUNCATE,t
listing_classification_rule_sets,t,t,t,t,service_role,UPDATE,t
listing_classification_rules,t,t,t,t,anon,DELETE,t
listing_classification_rules,t,t,t,t,anon,INSERT,t
listing_classification_rules,t,t,t,t,anon,REFERENCES,t
listing_classification_rules,t,t,t,t,anon,SELECT,t
listing_classification_rules,t,t,t,t,anon,TRIGGER,t
listing_classification_rules,t,t,t,t,anon,TRUNCATE,t
listing_classification_rules,t,t,t,t,anon,UPDATE,t
listing_classification_rules,t,t,t,t,authenticated,DELETE,t
listing_classification_rules,t,t,t,t,authenticated,INSERT,t
listing_classification_rules,t,t,t,t,authenticated,REFERENCES,t
listing_classification_rules,t,t,t,t,authenticated,SELECT,t
listing_classification_rules,t,t,t,t,authenticated,TRIGGER,t
listing_classification_rules,t,t,t,t,authenticated,TRUNCATE,t
listing_classification_rules,t,t,t,t,authenticated,UPDATE,t
listing_classification_rules,t,t,t,t,service_role,DELETE,t
listing_classification_rules,t,t,t,t,service_role,INSERT,t
listing_classification_rules,t,t,t,t,service_role,REFERENCES,t
listing_classification_rules,t,t,t,t,service_role,SELECT,t
listing_classification_rules,t,t,t,t,service_role,TRIGGER,t
listing_classification_rules,t,t,t,t,service_role,TRUNCATE,t
listing_classification_rules,t,t,t,t,service_role,UPDATE,t
listing_fact_evidence,t,t,t,t,anon,DELETE,t
listing_fact_evidence,t,t,t,t,anon,INSERT,t
listing_fact_evidence,t,t,t,t,anon,REFERENCES,t
listing_fact_evidence,t,t,t,t,anon,SELECT,t
listing_fact_evidence,t,t,t,t,anon,TRIGGER,t
listing_fact_evidence,t,t,t,t,anon,TRUNCATE,t
listing_fact_evidence,t,t,t,t,anon,UPDATE,t
listing_fact_evidence,t,t,t,t,authenticated,DELETE,t
listing_fact_evidence,t,t,t,t,authenticated,INSERT,t
listing_fact_evidence,t,t,t,t,authenticated,REFERENCES,t
listing_fact_evidence,t,t,t,t,authenticated,SELECT,t
listing_fact_evidence,t,t,t,t,authenticated,TRIGGER,t
listing_fact_evidence,t,t,t,t,authenticated,TRUNCATE,t
listing_fact_evidence,t,t,t,t,authenticated,UPDATE,t
listing_fact_evidence,t,t,t,t,service_role,DELETE,t
listing_fact_evidence,t,t,t,t,service_role,INSERT,t
listing_fact_evidence,t,t,t,t,service_role,REFERENCES,t
listing_fact_evidence,t,t,t,t,service_role,SELECT,t
listing_fact_evidence,t,t,t,t,service_role,TRIGGER,t
listing_fact_evidence,t,t,t,t,service_role,TRUNCATE,t
listing_fact_evidence,t,t,t,t,service_role,UPDATE,t
listing_lifecycle_events,t,t,t,t,anon,DELETE,t
listing_lifecycle_events,t,t,t,t,anon,INSERT,t
listing_lifecycle_events,t,t,t,t,anon,REFERENCES,t
listing_lifecycle_events,t,t,t,t,anon,SELECT,t
listing_lifecycle_events,t,t,t,t,anon,TRIGGER,t
listing_lifecycle_events,t,t,t,t,anon,TRUNCATE,t
listing_lifecycle_events,t,t,t,t,anon,UPDATE,t
listing_lifecycle_events,t,t,t,t,authenticated,DELETE,t
listing_lifecycle_events,t,t,t,t,authenticated,INSERT,t
listing_lifecycle_events,t,t,t,t,authenticated,REFERENCES,t
listing_lifecycle_events,t,t,t,t,authenticated,SELECT,t
listing_lifecycle_events,t,t,t,t,authenticated,TRIGGER,t
listing_lifecycle_events,t,t,t,t,authenticated,TRUNCATE,t
listing_lifecycle_events,t,t,t,t,authenticated,UPDATE,t
listing_lifecycle_events,t,t,t,t,service_role,DELETE,t
listing_lifecycle_events,t,t,t,t,service_role,INSERT,t
listing_lifecycle_events,t,t,t,t,service_role,REFERENCES,t
listing_lifecycle_events,t,t,t,t,service_role,SELECT,t
listing_lifecycle_events,t,t,t,t,service_role,TRIGGER,t
listing_lifecycle_events,t,t,t,t,service_role,TRUNCATE,t
listing_lifecycle_events,t,t,t,t,service_role,UPDATE,t
listing_membership_origins,t,t,t,t,anon,DELETE,t
listing_membership_origins,t,t,t,t,anon,INSERT,t
listing_membership_origins,t,t,t,t,anon,REFERENCES,t
listing_membership_origins,t,t,t,t,anon,SELECT,t
listing_membership_origins,t,t,t,t,anon,TRIGGER,t
listing_membership_origins,t,t,t,t,anon,TRUNCATE,t
listing_membership_origins,t,t,t,t,anon,UPDATE,t
listing_membership_origins,t,t,t,t,authenticated,DELETE,t
listing_membership_origins,t,t,t,t,authenticated,INSERT,t
listing_membership_origins,t,t,t,t,authenticated,REFERENCES,t
listing_membership_origins,t,t,t,t,authenticated,SELECT,t
listing_membership_origins,t,t,t,t,authenticated,TRIGGER,t
listing_membership_origins,t,t,t,t,authenticated,TRUNCATE,t
listing_membership_origins,t,t,t,t,authenticated,UPDATE,t
listing_membership_origins,t,t,t,t,service_role,DELETE,t
listing_membership_origins,t,t,t,t,service_role,INSERT,t
listing_membership_origins,t,t,t,t,service_role,REFERENCES,t
listing_membership_origins,t,t,t,t,service_role,SELECT,t
listing_membership_origins,t,t,t,t,service_role,TRIGGER,t
listing_membership_origins,t,t,t,t,service_role,TRUNCATE,t
listing_membership_origins,t,t,t,t,service_role,UPDATE,t
listing_monetary_events,t,t,t,t,anon,DELETE,t
listing_monetary_events,t,t,t,t,anon,INSERT,t
listing_monetary_events,t,t,t,t,anon,REFERENCES,t
listing_monetary_events,t,t,t,t,anon,SELECT,t
listing_monetary_events,t,t,t,t,anon,TRIGGER,t
listing_monetary_events,t,t,t,t,anon,TRUNCATE,t
listing_monetary_events,t,t,t,t,anon,UPDATE,t
listing_monetary_events,t,t,t,t,authenticated,DELETE,t
listing_monetary_events,t,t,t,t,authenticated,INSERT,t
listing_monetary_events,t,t,t,t,authenticated,REFERENCES,t
listing_monetary_events,t,t,t,t,authenticated,SELECT,t
listing_monetary_events,t,t,t,t,authenticated,TRIGGER,t
listing_monetary_events,t,t,t,t,authenticated,TRUNCATE,t
listing_monetary_events,t,t,t,t,authenticated,UPDATE,t
listing_monetary_events,t,t,t,t,service_role,DELETE,t
listing_monetary_events,t,t,t,t,service_role,INSERT,t
listing_monetary_events,t,t,t,t,service_role,REFERENCES,t
listing_monetary_events,t,t,t,t,service_role,SELECT,t
listing_monetary_events,t,t,t,t,service_role,TRIGGER,t
listing_monetary_events,t,t,t,t,service_role,TRUNCATE,t
listing_monetary_events,t,t,t,t,service_role,UPDATE,t
listing_semantic_selections,t,t,t,t,anon,DELETE,t
listing_semantic_selections,t,t,t,t,anon,INSERT,t
listing_semantic_selections,t,t,t,t,anon,REFERENCES,t
listing_semantic_selections,t,t,t,t,anon,SELECT,t
listing_semantic_selections,t,t,t,t,anon,TRIGGER,t
listing_semantic_selections,t,t,t,t,anon,TRUNCATE,t
listing_semantic_selections,t,t,t,t,anon,UPDATE,t
listing_semantic_selections,t,t,t,t,authenticated,DELETE,t
listing_semantic_selections,t,t,t,t,authenticated,INSERT,t
listing_semantic_selections,t,t,t,t,authenticated,REFERENCES,t
listing_semantic_selections,t,t,t,t,authenticated,SELECT,t
listing_semantic_selections,t,t,t,t,authenticated,TRIGGER,t
listing_semantic_selections,t,t,t,t,authenticated,TRUNCATE,t
listing_semantic_selections,t,t,t,t,authenticated,UPDATE,t
listing_semantic_selections,t,t,t,t,service_role,DELETE,t
listing_semantic_selections,t,t,t,t,service_role,INSERT,t
listing_semantic_selections,t,t,t,t,service_role,REFERENCES,t
listing_semantic_selections,t,t,t,t,service_role,SELECT,t
listing_semantic_selections,t,t,t,t,service_role,TRIGGER,t
listing_semantic_selections,t,t,t,t,service_role,TRUNCATE,t
listing_semantic_selections,t,t,t,t,service_role,UPDATE,t
listing_source_observations,t,t,t,t,anon,DELETE,t
listing_source_observations,t,t,t,t,anon,INSERT,t
listing_source_observations,t,t,t,t,anon,REFERENCES,t
listing_source_observations,t,t,t,t,anon,SELECT,t
listing_source_observations,t,t,t,t,anon,TRIGGER,t
listing_source_observations,t,t,t,t,anon,TRUNCATE,t
listing_source_observations,t,t,t,t,anon,UPDATE,t
listing_source_observations,t,t,t,t,authenticated,DELETE,t
listing_source_observations,t,t,t,t,authenticated,INSERT,t
listing_source_observations,t,t,t,t,authenticated,REFERENCES,t
listing_source_observations,t,t,t,t,authenticated,SELECT,t
listing_source_observations,t,t,t,t,authenticated,TRIGGER,t
listing_source_observations,t,t,t,t,authenticated,TRUNCATE,t
listing_source_observations,t,t,t,t,authenticated,UPDATE,t
listing_source_observations,t,t,t,t,service_role,DELETE,t
listing_source_observations,t,t,t,t,service_role,INSERT,t
listing_source_observations,t,t,t,t,service_role,REFERENCES,t
listing_source_observations,t,t,t,t,service_role,SELECT,t
listing_source_observations,t,t,t,t,service_role,TRIGGER,t
listing_source_observations,t,t,t,t,service_role,TRUNCATE,t
listing_source_observations,t,t,t,t,service_role,UPDATE,t
publisher_accounts,t,t,t,t,anon,DELETE,t
publisher_accounts,t,t,t,t,anon,INSERT,t
publisher_accounts,t,t,t,t,anon,REFERENCES,t
publisher_accounts,t,t,t,t,anon,SELECT,t
publisher_accounts,t,t,t,t,anon,TRIGGER,t
publisher_accounts,t,t,t,t,anon,TRUNCATE,t
publisher_accounts,t,t,t,t,anon,UPDATE,t
publisher_accounts,t,t,t,t,authenticated,DELETE,t
publisher_accounts,t,t,t,t,authenticated,INSERT,t
publisher_accounts,t,t,t,t,authenticated,REFERENCES,t
publisher_accounts,t,t,t,t,authenticated,SELECT,t
publisher_accounts,t,t,t,t,authenticated,TRIGGER,t
publisher_accounts,t,t,t,t,authenticated,TRUNCATE,t
publisher_accounts,t,t,t,t,authenticated,UPDATE,t
publisher_accounts,t,t,t,t,service_role,DELETE,t
publisher_accounts,t,t,t,t,service_role,INSERT,t
publisher_accounts,t,t,t,t,service_role,REFERENCES,t
publisher_accounts,t,t,t,t,service_role,SELECT,t
publisher_accounts,t,t,t,t,service_role,TRIGGER,t
publisher_accounts,t,t,t,t,service_role,TRUNCATE,t
publisher_accounts,t,t,t,t,service_role,UPDATE,t
source_identity_conflicts,t,t,t,t,anon,DELETE,t
source_identity_conflicts,t,t,t,t,anon,INSERT,t
source_identity_conflicts,t,t,t,t,anon,REFERENCES,t
source_identity_conflicts,t,t,t,t,anon,SELECT,t
source_identity_conflicts,t,t,t,t,anon,TRIGGER,t
source_identity_conflicts,t,t,t,t,anon,TRUNCATE,t
source_identity_conflicts,t,t,t,t,anon,UPDATE,t
source_identity_conflicts,t,t,t,t,authenticated,DELETE,t
source_identity_conflicts,t,t,t,t,authenticated,INSERT,t
source_identity_conflicts,t,t,t,t,authenticated,REFERENCES,t
source_identity_conflicts,t,t,t,t,authenticated,SELECT,t
source_identity_conflicts,t,t,t,t,authenticated,TRIGGER,t
source_identity_conflicts,t,t,t,t,authenticated,TRUNCATE,t
source_identity_conflicts,t,t,t,t,authenticated,UPDATE,t
source_identity_conflicts,t,t,t,t,service_role,DELETE,t
source_identity_conflicts,t,t,t,t,service_role,INSERT,t
source_identity_conflicts,t,t,t,t,service_role,REFERENCES,t
source_identity_conflicts,t,t,t,t,service_role,SELECT,t
source_identity_conflicts,t,t,t,t,service_role,TRIGGER,t
source_identity_conflicts,t,t,t,t,service_role,TRUNCATE,t
source_identity_conflicts,t,t,t,t,service_role,UPDATE,t
twuanis_canonical_private.accessibility_identity,t,t,t,t,anon,DELETE,t
twuanis_canonical_private.accessibility_identity,t,t,t,t,anon,INSERT,t
twuanis_canonical_private.accessibility_identity,t,t,t,t,anon,REFERENCES,t
twuanis_canonical_private.accessibility_identity,t,t,t,t,anon,SELECT,t
twuanis_canonical_private.accessibility_identity,t,t,t,t,anon,TRIGGER,t
twuanis_canonical_private.accessibility_identity,t,t,t,t,anon,TRUNCATE,t
twuanis_canonical_private.accessibility_identity,t,t,t,t,anon,UPDATE,t
twuanis_canonical_private.accessibility_identity,t,t,t,t,authenticated,DELETE,t
twuanis_canonical_private.accessibility_identity,t,t,t,t,authenticated,INSERT,t
twuanis_canonical_private.accessibility_identity,t,t,t,t,authenticated,REFERENCES,t
twuanis_canonical_private.accessibility_identity,t,t,t,t,authenticated,SELECT,t
twuanis_canonical_private.accessibility_identity,t,t,t,t,authenticated,TRIGGER,t
twuanis_canonical_private.accessibility_identity,t,t,t,t,authenticated,TRUNCATE,t
twuanis_canonical_private.accessibility_identity,t,t,t,t,authenticated,UPDATE,t
twuanis_canonical_private.accessibility_identity,t,t,t,t,service_role,DELETE,t
twuanis_canonical_private.accessibility_identity,t,t,t,t,service_role,INSERT,t
twuanis_canonical_private.accessibility_identity,t,t,t,t,service_role,REFERENCES,t
twuanis_canonical_private.accessibility_identity,t,t,t,t,service_role,SELECT,t
twuanis_canonical_private.accessibility_identity,t,t,t,t,service_role,TRIGGER,t
twuanis_canonical_private.accessibility_identity,t,t,t,t,service_role,TRUNCATE,t
twuanis_canonical_private.accessibility_identity,t,t,t,t,service_role,UPDATE,t
twuanis_canonical_private.classification_seals,t,t,t,t,anon,DELETE,t
twuanis_canonical_private.classification_seals,t,t,t,t,anon,INSERT,t
twuanis_canonical_private.classification_seals,t,t,t,t,anon,REFERENCES,t
twuanis_canonical_private.classification_seals,t,t,t,t,anon,SELECT,t
twuanis_canonical_private.classification_seals,t,t,t,t,anon,TRIGGER,t
twuanis_canonical_private.classification_seals,t,t,t,t,anon,TRUNCATE,t
twuanis_canonical_private.classification_seals,t,t,t,t,anon,UPDATE,t
twuanis_canonical_private.classification_seals,t,t,t,t,authenticated,DELETE,t
twuanis_canonical_private.classification_seals,t,t,t,t,authenticated,INSERT,t
twuanis_canonical_private.classification_seals,t,t,t,t,authenticated,REFERENCES,t
twuanis_canonical_private.classification_seals,t,t,t,t,authenticated,SELECT,t
twuanis_canonical_private.classification_seals,t,t,t,t,authenticated,TRIGGER,t
twuanis_canonical_private.classification_seals,t,t,t,t,authenticated,TRUNCATE,t
twuanis_canonical_private.classification_seals,t,t,t,t,authenticated,UPDATE,t
twuanis_canonical_private.classification_seals,t,t,t,t,service_role,DELETE,t
twuanis_canonical_private.classification_seals,t,t,t,t,service_role,INSERT,t
twuanis_canonical_private.classification_seals,t,t,t,t,service_role,REFERENCES,t
twuanis_canonical_private.classification_seals,t,t,t,t,service_role,SELECT,t
twuanis_canonical_private.classification_seals,t,t,t,t,service_role,TRIGGER,t
twuanis_canonical_private.classification_seals,t,t,t,t,service_role,TRUNCATE,t
twuanis_canonical_private.classification_seals,t,t,t,t,service_role,UPDATE,t
twuanis_canonical_private.csv_initial_publication,t,t,t,t,anon,DELETE,t
twuanis_canonical_private.csv_initial_publication,t,t,t,t,anon,INSERT,t
twuanis_canonical_private.csv_initial_publication,t,t,t,t,anon,REFERENCES,t
twuanis_canonical_private.csv_initial_publication,t,t,t,t,anon,SELECT,t
twuanis_canonical_private.csv_initial_publication,t,t,t,t,anon,TRIGGER,t
twuanis_canonical_private.csv_initial_publication,t,t,t,t,anon,TRUNCATE,t
twuanis_canonical_private.csv_initial_publication,t,t,t,t,anon,UPDATE,t
twuanis_canonical_private.csv_initial_publication,t,t,t,t,authenticated,DELETE,t
twuanis_canonical_private.csv_initial_publication,t,t,t,t,authenticated,INSERT,t
twuanis_canonical_private.csv_initial_publication,t,t,t,t,authenticated,REFERENCES,t
twuanis_canonical_private.csv_initial_publication,t,t,t,t,authenticated,SELECT,t
twuanis_canonical_private.csv_initial_publication,t,t,t,t,authenticated,TRIGGER,t
twuanis_canonical_private.csv_initial_publication,t,t,t,t,authenticated,TRUNCATE,t
twuanis_canonical_private.csv_initial_publication,t,t,t,t,authenticated,UPDATE,t
twuanis_canonical_private.csv_initial_publication,t,t,t,t,service_role,DELETE,t
twuanis_canonical_private.csv_initial_publication,t,t,t,t,service_role,INSERT,t
twuanis_canonical_private.csv_initial_publication,t,t,t,t,service_role,REFERENCES,t
twuanis_canonical_private.csv_initial_publication,t,t,t,t,service_role,SELECT,t
twuanis_canonical_private.csv_initial_publication,t,t,t,t,service_role,TRIGGER,t
twuanis_canonical_private.csv_initial_publication,t,t,t,t,service_role,TRUNCATE,t
twuanis_canonical_private.csv_initial_publication,t,t,t,t,service_role,UPDATE,t
twuanis_canonical_private.csv_source_evidence,t,t,t,t,anon,DELETE,t
twuanis_canonical_private.csv_source_evidence,t,t,t,t,anon,INSERT,t
twuanis_canonical_private.csv_source_evidence,t,t,t,t,anon,REFERENCES,t
twuanis_canonical_private.csv_source_evidence,t,t,t,t,anon,SELECT,t
twuanis_canonical_private.csv_source_evidence,t,t,t,t,anon,TRIGGER,t
twuanis_canonical_private.csv_source_evidence,t,t,t,t,anon,TRUNCATE,t
twuanis_canonical_private.csv_source_evidence,t,t,t,t,anon,UPDATE,t
twuanis_canonical_private.csv_source_evidence,t,t,t,t,authenticated,DELETE,t
twuanis_canonical_private.csv_source_evidence,t,t,t,t,authenticated,INSERT,t
twuanis_canonical_private.csv_source_evidence,t,t,t,t,authenticated,REFERENCES,t
twuanis_canonical_private.csv_source_evidence,t,t,t,t,authenticated,SELECT,t
twuanis_canonical_private.csv_source_evidence,t,t,t,t,authenticated,TRIGGER,t
twuanis_canonical_private.csv_source_evidence,t,t,t,t,authenticated,TRUNCATE,t
twuanis_canonical_private.csv_source_evidence,t,t,t,t,authenticated,UPDATE,t
twuanis_canonical_private.csv_source_evidence,t,t,t,t,service_role,DELETE,t
twuanis_canonical_private.csv_source_evidence,t,t,t,t,service_role,INSERT,t
twuanis_canonical_private.csv_source_evidence,t,t,t,t,service_role,REFERENCES,t
twuanis_canonical_private.csv_source_evidence,t,t,t,t,service_role,SELECT,t
twuanis_canonical_private.csv_source_evidence,t,t,t,t,service_role,TRIGGER,t
twuanis_canonical_private.csv_source_evidence,t,t,t,t,service_role,TRUNCATE,t
twuanis_canonical_private.csv_source_evidence,t,t,t,t,service_role,UPDATE,t
twuanis_canonical_private.customer_content_edits,t,t,t,t,anon,DELETE,t
twuanis_canonical_private.customer_content_edits,t,t,t,t,anon,INSERT,t
twuanis_canonical_private.customer_content_edits,t,t,t,t,anon,REFERENCES,t
twuanis_canonical_private.customer_content_edits,t,t,t,t,anon,SELECT,t
twuanis_canonical_private.customer_content_edits,t,t,t,t,anon,TRIGGER,t
twuanis_canonical_private.customer_content_edits,t,t,t,t,anon,TRUNCATE,t
twuanis_canonical_private.customer_content_edits,t,t,t,t,anon,UPDATE,t
twuanis_canonical_private.customer_content_edits,t,t,t,t,authenticated,DELETE,t
twuanis_canonical_private.customer_content_edits,t,t,t,t,authenticated,INSERT,t
twuanis_canonical_private.customer_content_edits,t,t,t,t,authenticated,REFERENCES,t
twuanis_canonical_private.customer_content_edits,t,t,t,t,authenticated,SELECT,t
twuanis_canonical_private.customer_content_edits,t,t,t,t,authenticated,TRIGGER,t
twuanis_canonical_private.customer_content_edits,t,t,t,t,authenticated,TRUNCATE,t
twuanis_canonical_private.customer_content_edits,t,t,t,t,authenticated,UPDATE,t
twuanis_canonical_private.customer_content_edits,t,t,t,t,service_role,DELETE,t
twuanis_canonical_private.customer_content_edits,t,t,t,t,service_role,INSERT,t
twuanis_canonical_private.customer_content_edits,t,t,t,t,service_role,REFERENCES,t
twuanis_canonical_private.customer_content_edits,t,t,t,t,service_role,SELECT,t
twuanis_canonical_private.customer_content_edits,t,t,t,t,service_role,TRIGGER,t
twuanis_canonical_private.customer_content_edits,t,t,t,t,service_role,TRUNCATE,t
twuanis_canonical_private.customer_content_edits,t,t,t,t,service_role,UPDATE,t
twuanis_canonical_private.customer_domain_edits,t,t,t,t,anon,DELETE,t
twuanis_canonical_private.customer_domain_edits,t,t,t,t,anon,INSERT,t
twuanis_canonical_private.customer_domain_edits,t,t,t,t,anon,REFERENCES,t
twuanis_canonical_private.customer_domain_edits,t,t,t,t,anon,SELECT,t
twuanis_canonical_private.customer_domain_edits,t,t,t,t,anon,TRIGGER,t
twuanis_canonical_private.customer_domain_edits,t,t,t,t,anon,TRUNCATE,t
twuanis_canonical_private.customer_domain_edits,t,t,t,t,anon,UPDATE,t
twuanis_canonical_private.customer_domain_edits,t,t,t,t,authenticated,DELETE,t
twuanis_canonical_private.customer_domain_edits,t,t,t,t,authenticated,INSERT,t
twuanis_canonical_private.customer_domain_edits,t,t,t,t,authenticated,REFERENCES,t
twuanis_canonical_private.customer_domain_edits,t,t,t,t,authenticated,SELECT,t
twuanis_canonical_private.customer_domain_edits,t,t,t,t,authenticated,TRIGGER,t
twuanis_canonical_private.customer_domain_edits,t,t,t,t,authenticated,TRUNCATE,t
twuanis_canonical_private.customer_domain_edits,t,t,t,t,authenticated,UPDATE,t
twuanis_canonical_private.customer_domain_edits,t,t,t,t,service_role,DELETE,t
twuanis_canonical_private.customer_domain_edits,t,t,t,t,service_role,INSERT,t
twuanis_canonical_private.customer_domain_edits,t,t,t,t,service_role,REFERENCES,t
twuanis_canonical_private.customer_domain_edits,t,t,t,t,service_role,SELECT,t
twuanis_canonical_private.customer_domain_edits,t,t,t,t,service_role,TRIGGER,t
twuanis_canonical_private.customer_domain_edits,t,t,t,t,service_role,TRUNCATE,t
twuanis_canonical_private.customer_domain_edits,t,t,t,t,service_role,UPDATE,t
twuanis_canonical_private.customer_publication_commands,t,t,t,t,anon,DELETE,t
twuanis_canonical_private.customer_publication_commands,t,t,t,t,anon,INSERT,t
twuanis_canonical_private.customer_publication_commands,t,t,t,t,anon,REFERENCES,t
twuanis_canonical_private.customer_publication_commands,t,t,t,t,anon,SELECT,t
twuanis_canonical_private.customer_publication_commands,t,t,t,t,anon,TRIGGER,t
twuanis_canonical_private.customer_publication_commands,t,t,t,t,anon,TRUNCATE,t
twuanis_canonical_private.customer_publication_commands,t,t,t,t,anon,UPDATE,t
twuanis_canonical_private.customer_publication_commands,t,t,t,t,authenticated,DELETE,t
twuanis_canonical_private.customer_publication_commands,t,t,t,t,authenticated,INSERT,t
twuanis_canonical_private.customer_publication_commands,t,t,t,t,authenticated,REFERENCES,t
twuanis_canonical_private.customer_publication_commands,t,t,t,t,authenticated,SELECT,t
twuanis_canonical_private.customer_publication_commands,t,t,t,t,authenticated,TRIGGER,t
twuanis_canonical_private.customer_publication_commands,t,t,t,t,authenticated,TRUNCATE,t
twuanis_canonical_private.customer_publication_commands,t,t,t,t,authenticated,UPDATE,t
twuanis_canonical_private.customer_publication_commands,t,t,t,t,service_role,DELETE,t
twuanis_canonical_private.customer_publication_commands,t,t,t,t,service_role,INSERT,t
twuanis_canonical_private.customer_publication_commands,t,t,t,t,service_role,REFERENCES,t
twuanis_canonical_private.customer_publication_commands,t,t,t,t,service_role,SELECT,t
twuanis_canonical_private.customer_publication_commands,t,t,t,t,service_role,TRIGGER,t
twuanis_canonical_private.customer_publication_commands,t,t,t,t,service_role,TRUNCATE,t
twuanis_canonical_private.customer_publication_commands,t,t,t,t,service_role,UPDATE,t
twuanis_canonical_private.duplicate_commands,t,t,t,t,anon,DELETE,t
twuanis_canonical_private.duplicate_commands,t,t,t,t,anon,INSERT,t
twuanis_canonical_private.duplicate_commands,t,t,t,t,anon,REFERENCES,t
twuanis_canonical_private.duplicate_commands,t,t,t,t,anon,SELECT,t
twuanis_canonical_private.duplicate_commands,t,t,t,t,anon,TRIGGER,t
twuanis_canonical_private.duplicate_commands,t,t,t,t,anon,TRUNCATE,t
twuanis_canonical_private.duplicate_commands,t,t,t,t,anon,UPDATE,t
twuanis_canonical_private.duplicate_commands,t,t,t,t,authenticated,DELETE,t
twuanis_canonical_private.duplicate_commands,t,t,t,t,authenticated,INSERT,t
twuanis_canonical_private.duplicate_commands,t,t,t,t,authenticated,REFERENCES,t
twuanis_canonical_private.duplicate_commands,t,t,t,t,authenticated,SELECT,t
twuanis_canonical_private.duplicate_commands,t,t,t,t,authenticated,TRIGGER,t
twuanis_canonical_private.duplicate_commands,t,t,t,t,authenticated,TRUNCATE,t
twuanis_canonical_private.duplicate_commands,t,t,t,t,authenticated,UPDATE,t
twuanis_canonical_private.duplicate_commands,t,t,t,t,service_role,DELETE,t
twuanis_canonical_private.duplicate_commands,t,t,t,t,service_role,INSERT,t
twuanis_canonical_private.duplicate_commands,t,t,t,t,service_role,REFERENCES,t
twuanis_canonical_private.duplicate_commands,t,t,t,t,service_role,SELECT,t
twuanis_canonical_private.duplicate_commands,t,t,t,t,service_role,TRIGGER,t
twuanis_canonical_private.duplicate_commands,t,t,t,t,service_role,TRUNCATE,t
twuanis_canonical_private.duplicate_commands,t,t,t,t,service_role,UPDATE,t
twuanis_canonical_private.image_detach_operations,t,t,t,t,anon,DELETE,t
twuanis_canonical_private.image_detach_operations,t,t,t,t,anon,INSERT,t
twuanis_canonical_private.image_detach_operations,t,t,t,t,anon,REFERENCES,t
twuanis_canonical_private.image_detach_operations,t,t,t,t,anon,SELECT,t
twuanis_canonical_private.image_detach_operations,t,t,t,t,anon,TRIGGER,t
twuanis_canonical_private.image_detach_operations,t,t,t,t,anon,TRUNCATE,t
twuanis_canonical_private.image_detach_operations,t,t,t,t,anon,UPDATE,t
twuanis_canonical_private.image_detach_operations,t,t,t,t,authenticated,DELETE,t
twuanis_canonical_private.image_detach_operations,t,t,t,t,authenticated,INSERT,t
twuanis_canonical_private.image_detach_operations,t,t,t,t,authenticated,REFERENCES,t
twuanis_canonical_private.image_detach_operations,t,t,t,t,authenticated,SELECT,t
twuanis_canonical_private.image_detach_operations,t,t,t,t,authenticated,TRIGGER,t
twuanis_canonical_private.image_detach_operations,t,t,t,t,authenticated,TRUNCATE,t
twuanis_canonical_private.image_detach_operations,t,t,t,t,authenticated,UPDATE,t
twuanis_canonical_private.image_detach_operations,t,t,t,t,service_role,DELETE,t
twuanis_canonical_private.image_detach_operations,t,t,t,t,service_role,INSERT,t
twuanis_canonical_private.image_detach_operations,t,t,t,t,service_role,REFERENCES,t
twuanis_canonical_private.image_detach_operations,t,t,t,t,service_role,SELECT,t
twuanis_canonical_private.image_detach_operations,t,t,t,t,service_role,TRIGGER,t
twuanis_canonical_private.image_detach_operations,t,t,t,t,service_role,TRUNCATE,t
twuanis_canonical_private.image_detach_operations,t,t,t,t,service_role,UPDATE,t
twuanis_canonical_private.import_operator_grants,t,t,t,t,anon,DELETE,t
twuanis_canonical_private.import_operator_grants,t,t,t,t,anon,INSERT,t
twuanis_canonical_private.import_operator_grants,t,t,t,t,anon,REFERENCES,t
twuanis_canonical_private.import_operator_grants,t,t,t,t,anon,SELECT,t
twuanis_canonical_private.import_operator_grants,t,t,t,t,anon,TRIGGER,t
twuanis_canonical_private.import_operator_grants,t,t,t,t,anon,TRUNCATE,t
twuanis_canonical_private.import_operator_grants,t,t,t,t,anon,UPDATE,t
twuanis_canonical_private.import_operator_grants,t,t,t,t,authenticated,DELETE,t
twuanis_canonical_private.import_operator_grants,t,t,t,t,authenticated,INSERT,t
twuanis_canonical_private.import_operator_grants,t,t,t,t,authenticated,REFERENCES,t
twuanis_canonical_private.import_operator_grants,t,t,t,t,authenticated,SELECT,t
twuanis_canonical_private.import_operator_grants,t,t,t,t,authenticated,TRIGGER,t
twuanis_canonical_private.import_operator_grants,t,t,t,t,authenticated,TRUNCATE,t
twuanis_canonical_private.import_operator_grants,t,t,t,t,authenticated,UPDATE,t
twuanis_canonical_private.import_operator_grants,t,t,t,t,service_role,DELETE,t
twuanis_canonical_private.import_operator_grants,t,t,t,t,service_role,INSERT,t
twuanis_canonical_private.import_operator_grants,t,t,t,t,service_role,REFERENCES,t
twuanis_canonical_private.import_operator_grants,t,t,t,t,service_role,SELECT,t
twuanis_canonical_private.import_operator_grants,t,t,t,t,service_role,TRIGGER,t
twuanis_canonical_private.import_operator_grants,t,t,t,t,service_role,TRUNCATE,t
twuanis_canonical_private.import_operator_grants,t,t,t,t,service_role,UPDATE,t
twuanis_canonical_private.ordinary_upload_operations,t,t,t,t,anon,DELETE,t
twuanis_canonical_private.ordinary_upload_operations,t,t,t,t,anon,INSERT,t
twuanis_canonical_private.ordinary_upload_operations,t,t,t,t,anon,REFERENCES,t
twuanis_canonical_private.ordinary_upload_operations,t,t,t,t,anon,SELECT,t
twuanis_canonical_private.ordinary_upload_operations,t,t,t,t,anon,TRIGGER,t
twuanis_canonical_private.ordinary_upload_operations,t,t,t,t,anon,TRUNCATE,t
twuanis_canonical_private.ordinary_upload_operations,t,t,t,t,anon,UPDATE,t
twuanis_canonical_private.ordinary_upload_operations,t,t,t,t,authenticated,DELETE,t
twuanis_canonical_private.ordinary_upload_operations,t,t,t,t,authenticated,INSERT,t
twuanis_canonical_private.ordinary_upload_operations,t,t,t,t,authenticated,REFERENCES,t
twuanis_canonical_private.ordinary_upload_operations,t,t,t,t,authenticated,SELECT,t
twuanis_canonical_private.ordinary_upload_operations,t,t,t,t,authenticated,TRIGGER,t
twuanis_canonical_private.ordinary_upload_operations,t,t,t,t,authenticated,TRUNCATE,t
twuanis_canonical_private.ordinary_upload_operations,t,t,t,t,authenticated,UPDATE,t
twuanis_canonical_private.ordinary_upload_operations,t,t,t,t,service_role,DELETE,t
twuanis_canonical_private.ordinary_upload_operations,t,t,t,t,service_role,INSERT,t
twuanis_canonical_private.ordinary_upload_operations,t,t,t,t,service_role,REFERENCES,t
twuanis_canonical_private.ordinary_upload_operations,t,t,t,t,service_role,SELECT,t
twuanis_canonical_private.ordinary_upload_operations,t,t,t,t,service_role,TRIGGER,t
twuanis_canonical_private.ordinary_upload_operations,t,t,t,t,service_role,TRUNCATE,t
twuanis_canonical_private.ordinary_upload_operations,t,t,t,t,service_role,UPDATE,t
twuanis_canonical_private.s11_retained_auth_receipt,t,t,t,t,anon,DELETE,t
twuanis_canonical_private.s11_retained_auth_receipt,t,t,t,t,anon,INSERT,t
twuanis_canonical_private.s11_retained_auth_receipt,t,t,t,t,anon,REFERENCES,t
twuanis_canonical_private.s11_retained_auth_receipt,t,t,t,t,anon,SELECT,t
twuanis_canonical_private.s11_retained_auth_receipt,t,t,t,t,anon,TRIGGER,t
twuanis_canonical_private.s11_retained_auth_receipt,t,t,t,t,anon,TRUNCATE,t
twuanis_canonical_private.s11_retained_auth_receipt,t,t,t,t,anon,UPDATE,t
twuanis_canonical_private.s11_retained_auth_receipt,t,t,t,t,authenticated,DELETE,t
twuanis_canonical_private.s11_retained_auth_receipt,t,t,t,t,authenticated,INSERT,t
twuanis_canonical_private.s11_retained_auth_receipt,t,t,t,t,authenticated,REFERENCES,t
twuanis_canonical_private.s11_retained_auth_receipt,t,t,t,t,authenticated,SELECT,t
twuanis_canonical_private.s11_retained_auth_receipt,t,t,t,t,authenticated,TRIGGER,t
twuanis_canonical_private.s11_retained_auth_receipt,t,t,t,t,authenticated,TRUNCATE,t
twuanis_canonical_private.s11_retained_auth_receipt,t,t,t,t,authenticated,UPDATE,t
twuanis_canonical_private.s11_retained_auth_receipt,t,t,t,t,service_role,DELETE,t
twuanis_canonical_private.s11_retained_auth_receipt,t,t,t,t,service_role,INSERT,t
twuanis_canonical_private.s11_retained_auth_receipt,t,t,t,t,service_role,REFERENCES,t
twuanis_canonical_private.s11_retained_auth_receipt,t,t,t,t,service_role,SELECT,t
twuanis_canonical_private.s11_retained_auth_receipt,t,t,t,t,service_role,TRIGGER,t
twuanis_canonical_private.s11_retained_auth_receipt,t,t,t,t,service_role,TRUNCATE,t
twuanis_canonical_private.s11_retained_auth_receipt,t,t,t,t,service_role,UPDATE,t
twuanis_canonical_private.source_ingestion_results,t,t,t,t,anon,DELETE,t
twuanis_canonical_private.source_ingestion_results,t,t,t,t,anon,INSERT,t
twuanis_canonical_private.source_ingestion_results,t,t,t,t,anon,REFERENCES,t
twuanis_canonical_private.source_ingestion_results,t,t,t,t,anon,SELECT,t
twuanis_canonical_private.source_ingestion_results,t,t,t,t,anon,TRIGGER,t
twuanis_canonical_private.source_ingestion_results,t,t,t,t,anon,TRUNCATE,t
twuanis_canonical_private.source_ingestion_results,t,t,t,t,anon,UPDATE,t
twuanis_canonical_private.source_ingestion_results,t,t,t,t,authenticated,DELETE,t
twuanis_canonical_private.source_ingestion_results,t,t,t,t,authenticated,INSERT,t
twuanis_canonical_private.source_ingestion_results,t,t,t,t,authenticated,REFERENCES,t
twuanis_canonical_private.source_ingestion_results,t,t,t,t,authenticated,SELECT,t
twuanis_canonical_private.source_ingestion_results,t,t,t,t,authenticated,TRIGGER,t
twuanis_canonical_private.source_ingestion_results,t,t,t,t,authenticated,TRUNCATE,t
twuanis_canonical_private.source_ingestion_results,t,t,t,t,authenticated,UPDATE,t
twuanis_canonical_private.source_ingestion_results,t,t,t,t,service_role,DELETE,t
twuanis_canonical_private.source_ingestion_results,t,t,t,t,service_role,INSERT,t
twuanis_canonical_private.source_ingestion_results,t,t,t,t,service_role,REFERENCES,t
twuanis_canonical_private.source_ingestion_results,t,t,t,t,service_role,SELECT,t
twuanis_canonical_private.source_ingestion_results,t,t,t,t,service_role,TRIGGER,t
twuanis_canonical_private.source_ingestion_results,t,t,t,t,service_role,TRUNCATE,t
twuanis_canonical_private.source_ingestion_results,t,t,t,t,service_role,UPDATE,t
twuanis_canonical_private.source_ingestion_state,t,t,t,t,anon,DELETE,t
twuanis_canonical_private.source_ingestion_state,t,t,t,t,anon,INSERT,t
twuanis_canonical_private.source_ingestion_state,t,t,t,t,anon,REFERENCES,t
twuanis_canonical_private.source_ingestion_state,t,t,t,t,anon,SELECT,t
twuanis_canonical_private.source_ingestion_state,t,t,t,t,anon,TRIGGER,t
twuanis_canonical_private.source_ingestion_state,t,t,t,t,anon,TRUNCATE,t
twuanis_canonical_private.source_ingestion_state,t,t,t,t,anon,UPDATE,t
twuanis_canonical_private.source_ingestion_state,t,t,t,t,authenticated,DELETE,t
twuanis_canonical_private.source_ingestion_state,t,t,t,t,authenticated,INSERT,t
twuanis_canonical_private.source_ingestion_state,t,t,t,t,authenticated,REFERENCES,t
twuanis_canonical_private.source_ingestion_state,t,t,t,t,authenticated,SELECT,t
twuanis_canonical_private.source_ingestion_state,t,t,t,t,authenticated,TRIGGER,t
twuanis_canonical_private.source_ingestion_state,t,t,t,t,authenticated,TRUNCATE,t
twuanis_canonical_private.source_ingestion_state,t,t,t,t,authenticated,UPDATE,t
twuanis_canonical_private.source_ingestion_state,t,t,t,t,service_role,DELETE,t
twuanis_canonical_private.source_ingestion_state,t,t,t,t,service_role,INSERT,t
twuanis_canonical_private.source_ingestion_state,t,t,t,t,service_role,REFERENCES,t
twuanis_canonical_private.source_ingestion_state,t,t,t,t,service_role,SELECT,t
twuanis_canonical_private.source_ingestion_state,t,t,t,t,service_role,TRIGGER,t
twuanis_canonical_private.source_ingestion_state,t,t,t,t,service_role,TRUNCATE,t
twuanis_canonical_private.source_ingestion_state,t,t,t,t,service_role,UPDATE,t
twuanis_canonical_private.source_run_completions,t,t,t,t,anon,DELETE,t
twuanis_canonical_private.source_run_completions,t,t,t,t,anon,INSERT,t
twuanis_canonical_private.source_run_completions,t,t,t,t,anon,REFERENCES,t
twuanis_canonical_private.source_run_completions,t,t,t,t,anon,SELECT,t
twuanis_canonical_private.source_run_completions,t,t,t,t,anon,TRIGGER,t
twuanis_canonical_private.source_run_completions,t,t,t,t,anon,TRUNCATE,t
twuanis_canonical_private.source_run_completions,t,t,t,t,anon,UPDATE,t
twuanis_canonical_private.source_run_completions,t,t,t,t,authenticated,DELETE,t
twuanis_canonical_private.source_run_completions,t,t,t,t,authenticated,INSERT,t
twuanis_canonical_private.source_run_completions,t,t,t,t,authenticated,REFERENCES,t
twuanis_canonical_private.source_run_completions,t,t,t,t,authenticated,SELECT,t
twuanis_canonical_private.source_run_completions,t,t,t,t,authenticated,TRIGGER,t
twuanis_canonical_private.source_run_completions,t,t,t,t,authenticated,TRUNCATE,t
twuanis_canonical_private.source_run_completions,t,t,t,t,authenticated,UPDATE,t
twuanis_canonical_private.source_run_completions,t,t,t,t,service_role,DELETE,t
twuanis_canonical_private.source_run_completions,t,t,t,t,service_role,INSERT,t
twuanis_canonical_private.source_run_completions,t,t,t,t,service_role,REFERENCES,t
twuanis_canonical_private.source_run_completions,t,t,t,t,service_role,SELECT,t
twuanis_canonical_private.source_run_completions,t,t,t,t,service_role,TRIGGER,t
twuanis_canonical_private.source_run_completions,t,t,t,t,service_role,TRUNCATE,t
twuanis_canonical_private.source_run_completions,t,t,t,t,service_role,UPDATE,t
twuanis_canonical_private.token_creation_commands,t,t,t,t,anon,DELETE,t
twuanis_canonical_private.token_creation_commands,t,t,t,t,anon,INSERT,t
twuanis_canonical_private.token_creation_commands,t,t,t,t,anon,REFERENCES,t
twuanis_canonical_private.token_creation_commands,t,t,t,t,anon,SELECT,t
twuanis_canonical_private.token_creation_commands,t,t,t,t,anon,TRIGGER,t
twuanis_canonical_private.token_creation_commands,t,t,t,t,anon,TRUNCATE,t
twuanis_canonical_private.token_creation_commands,t,t,t,t,anon,UPDATE,t
twuanis_canonical_private.token_creation_commands,t,t,t,t,authenticated,DELETE,t
twuanis_canonical_private.token_creation_commands,t,t,t,t,authenticated,INSERT,t
twuanis_canonical_private.token_creation_commands,t,t,t,t,authenticated,REFERENCES,t
twuanis_canonical_private.token_creation_commands,t,t,t,t,authenticated,SELECT,t
twuanis_canonical_private.token_creation_commands,t,t,t,t,authenticated,TRIGGER,t
twuanis_canonical_private.token_creation_commands,t,t,t,t,authenticated,TRUNCATE,t
twuanis_canonical_private.token_creation_commands,t,t,t,t,authenticated,UPDATE,t
twuanis_canonical_private.token_creation_commands,t,t,t,t,service_role,DELETE,t
twuanis_canonical_private.token_creation_commands,t,t,t,t,service_role,INSERT,t
twuanis_canonical_private.token_creation_commands,t,t,t,t,service_role,REFERENCES,t
twuanis_canonical_private.token_creation_commands,t,t,t,t,service_role,SELECT,t
twuanis_canonical_private.token_creation_commands,t,t,t,t,service_role,TRIGGER,t
twuanis_canonical_private.token_creation_commands,t,t,t,t,service_role,TRUNCATE,t
twuanis_canonical_private.token_creation_commands,t,t,t,t,service_role,UPDATE,t
nspname,r,usage_denied,create_denied,owner_verified
twuanis_private,anon,t,t,t
twuanis_canonical_private,anon,t,t,t
twuanis_private,authenticated,t,t,t
twuanis_canonical_private,authenticated,t,t,t
twuanis_private,service_role,t,t,t
twuanis_canonical_private,service_role,t,t,t
tgrelid,tgname,tgenabled
