BEGIN
SET
SET
              set_config              
--------------------------------------
 0a24f50b-d369-477e-baf1-8e9f3bcf5f45
(1 row)

CREATE FUNCTION
SET
RESET
 s11_assert 
------------
 
(1 row)

SET
                                                                     edit_customer_canonical_listing                                                                      
--------------------------------------------------------------------------------------------------------------------------------------------------------------------------
 {"outcome": "succeeded", "replayed": false, "revision": "2", "listing_id": "6c94e44d-5302-4931-a7bd-bc4a30d794f5", "receipt_id": "c8aa3351-6774-44b5-a01f-8aa5f82cbadd"}
(1 row)

RESET
 s11_assert 
------------
 
(1 row)

SET
                                                                    publish_customer_canonical_listing                                                                    
--------------------------------------------------------------------------------------------------------------------------------------------------------------------------
 {"outcome": "succeeded", "replayed": false, "revision": "3", "listing_id": "6c94e44d-5302-4931-a7bd-bc4a30d794f5", "receipt_id": "1ed776b2-753a-460f-bc24-4b1814588852"}
(1 row)

RESET
SET
                                                                    publish_customer_canonical_listing                                                                    
--------------------------------------------------------------------------------------------------------------------------------------------------------------------------
 {"outcome": "succeeded", "replayed": false, "revision": "4", "listing_id": "6c94e44d-5302-4931-a7bd-bc4a30d794f5", "receipt_id": "a59836ac-e349-4b68-8f1a-f52e6cb2acb5"}
(1 row)

RESET
 s11_assert 
------------
 
(1 row)

SET
RESET
 s11_assert 
------------
 
(1 row)

SET
RESET
SET
                                                                                                                                                   reorder_listing_images                                                                                                                                                   
----------------------------------------------------------------------------------------------------------------------------------------------------------------------------------------------------------------------------------------------------------------------------------------------------------------------------
 {"id": "6c94e44d-5302-4931-a7bd-bc4a30d794f5", "images": "[\"0a24f50b-d369-477e-baf1-8e9f3bcf5f45/6c94e44d-5302-4931-a7bd-bc4a30d794f5/upload-96989d88-1bbf-4fb5-9168-155cf3cd221d.jpg\", \"0a24f50b-d369-477e-baf1-8e9f3bcf5f45/6c94e44d-5302-4931-a7bd-bc4a30d794f5/upload-8b260c0c-f422-49cc-8d70-1d948d44919d.jpg\"]"}
(1 row)

                                                                                                                                                                                                                                            detach_listing_image                                                                                                                                                                                                                                             
-------------------------------------------------------------------------------------------------------------------------------------------------------------------------------------------------------------------------------------------------------------------------------------------------------------------------------------------------------------------------------------------------------------------------------------------------------------------------------------------------------------
 {"id": "01eb0bb2-15d5-4d3d-b3f8-d93d113e754b", "images": ["0a24f50b-d369-477e-baf1-8e9f3bcf5f45/6c94e44d-5302-4931-a7bd-bc4a30d794f5/upload-96989d88-1bbf-4fb5-9168-155cf3cd221d.jpg"], "managed": true, "owner_id": "0a24f50b-d369-477e-baf1-8e9f3bcf5f45", "imageCount": 1, "listing_id": "6c94e44d-5302-4931-a7bd-bc4a30d794f5", "image_value": "0a24f50b-d369-477e-baf1-8e9f3bcf5f45/6c94e44d-5302-4931-a7bd-bc4a30d794f5/upload-8b260c0c-f422-49cc-8d70-1d948d44919d.jpg", "cleanup_completed": false}
(1 row)

                                                                                                                                                                                                                                                                                                                                                                                                                                                              read_canonical_listing_evidence                                                                                                                                                                                                                                                                                                                                                                                                                                                               
------------------------------------------------------------------------------------------------------------------------------------------------------------------------------------------------------------------------------------------------------------------------------------------------------------------------------------------------------------------------------------------------------------------------------------------------------------------------------------------------------------------------------------------------------------------------------------------------------------------------------------------------------------------------------------------------------------------------------------------------------------------------------------------------------------------------------------------------------------------------------------------------------------------------------------------------------------
 [{"facts": [{"kind": "exact", "dimension": "year_built", "exact_value": "1995", "range_lower": null, "range_upper": null, "lower_inclusive": null, "upper_inclusive": null, "category_term_id": null}], "geography": [{"id": "12", "slug": "cartago", "level": 1, "slug_en": "cartago", "slug_es": "cartago", "parent_id": "9", "term_name": "Cartago", "term_type": "province", "term_name_en": "Cartago", "term_name_es": "Cartago", "official_code": "3"}, {"id": "56", "slug": "jimenez", "level": 2, "slug_en": "jimenez", "slug_es": "jimenez", "parent_id": "12", "term_name": "Jiménez", "term_type": "canton", "term_name_en": "Jimenez", "term_name_es": "Jiménez", "official_code": "304"}], "listing_id": "6c94e44d-5302-4931-a7bd-bc4a30d794f5", "selections": [{"slug": "house", "level": 1, "dimension": "property_type", "term_name": "House", "term_type": "property_type", "ontology_term_id": "1115"}], "canonical_domain_version": 1}]
(1 row)

RESET
 s11_assert 
------------
 
(1 row)

SET
                                                                    mutate_customer_canonical_listing                                                                     
--------------------------------------------------------------------------------------------------------------------------------------------------------------------------
 {"outcome": "succeeded", "replayed": false, "revision": "5", "listing_id": "6c94e44d-5302-4931-a7bd-bc4a30d794f5", "receipt_id": "ac38f410-7f80-4f44-89b2-f36071c0893e"}
(1 row)

RESET
 s11_assert 
------------
 
(1 row)

                 checkpoint                  
---------------------------------------------
 S11_CUSTOMER_SMOKE_PASSED_ROLLBACK_REQUIRED
(1 row)

ROLLBACK
BEGIN
SET
SET
              set_config              
--------------------------------------
 0a24f50b-d369-477e-baf1-8e9f3bcf5f45
(1 row)

CREATE FUNCTION
 s11_assert 
------------
 
(1 row)

INSERT 0 1
SET
                                                   prepare_token_canonical_listing                                                   
-------------------------------------------------------------------------------------------------------------------------------------
 {"media": [], "completed": false, "listing_id": "f138b1a2-26a4-4400-bdf0-7307f2d051b8", "publication": null, "transaction": "sale"}
(1 row)

                       attach_token_canonical_media                        
---------------------------------------------------------------------------
 {"completed": true, "listing_id": "f138b1a2-26a4-4400-bdf0-7307f2d051b8"}
(1 row)

SET
                                                                     publish_token_canonical_listing                                                                      
--------------------------------------------------------------------------------------------------------------------------------------------------------------------------
 {"outcome": "succeeded", "replayed": false, "revision": "2", "listing_id": "f138b1a2-26a4-4400-bdf0-7307f2d051b8", "receipt_id": "2cbf80c6-1343-42c3-9171-a47fc306f5b7"}
(1 row)

RESET
 s11_assert 
------------
 
(1 row)

                  checkpoint                  
----------------------------------------------
 S11_CANONICAL_SMOKE_PASSED_ROLLBACK_REQUIRED
(1 row)

ROLLBACK
