psql:/Users/cassidydaddy/twuanis/outputs/CG-S11-B/reference-snapshot.sql:14: NOTICE:  REFERENCE {"count": 3, "table": "public.account_permissions", "digest": "5e6c94610e2396994e8b548a6a833010", "present": true}
psql:/Users/cassidydaddy/twuanis/outputs/CG-S11-B/reference-snapshot.sql:14: NOTICE:  REFERENCE {"count": 46, "table": "public.add_on_product_packages", "digest": "09fcf85e437062889adca050cac4c347", "present": true}
psql:/Users/cassidydaddy/twuanis/outputs/CG-S11-B/reference-snapshot.sql:14: NOTICE:  REFERENCE {"count": 13, "table": "public.add_on_products", "digest": "ba9f048642df29ae01a33db4104f4561", "present": true}
psql:/Users/cassidydaddy/twuanis/outputs/CG-S11-B/reference-snapshot.sql:14: NOTICE:  REFERENCE {"count": 7, "table": "public.engines", "digest": "08ae91204256985a9b370c115ab70c8f", "present": true}
psql:/Users/cassidydaddy/twuanis/outputs/CG-S11-B/reference-snapshot.sql:14: NOTICE:  REFERENCE {"count": 14, "table": "public.entitlements", "digest": "c650e779e37487f151332104635adbdf", "present": true}
psql:/Users/cassidydaddy/twuanis/outputs/CG-S11-B/reference-snapshot.sql:14: NOTICE:  REFERENCE {"count": 25, "table": "public.fx_rates", "digest": "d7508fe53e370b2255330a4f398d8924", "present": true}
psql:/Users/cassidydaddy/twuanis/outputs/CG-S11-B/reference-snapshot.sql:14: NOTICE:  REFERENCE {"count": 492, "table": "public.geography_import", "digest": "d7d0dd4c4d312a9240b1a2d5d677a88b", "present": true}
psql:/Users/cassidydaddy/twuanis/outputs/CG-S11-B/reference-snapshot.sql:14: NOTICE:  REFERENCE {"count": 4690, "table": "public.ontology_relationships", "digest": "49e140baa8f501d7623afcd0dfd521ca", "present": true}
psql:/Users/cassidydaddy/twuanis/outputs/CG-S11-B/reference-snapshot.sql:14: NOTICE:  REFERENCE {"count": 677, "table": "public.ontology_terms", "digest": "588e445f3ceb11ddc951c69a2e6679a0", "present": true}
psql:/Users/cassidydaddy/twuanis/outputs/CG-S11-B/reference-snapshot.sql:14: NOTICE:  REFERENCE {"count": 7, "table": "public.package_account_permissions", "digest": "ece19b07a1a5913d9406428d02a03dd8", "present": true}
psql:/Users/cassidydaddy/twuanis/outputs/CG-S11-B/reference-snapshot.sql:14: NOTICE:  REFERENCE {"count": 18, "table": "public.package_engines", "digest": "3b47bc8def5ca62473c17cd76eeec60d", "present": true}
psql:/Users/cassidydaddy/twuanis/outputs/CG-S11-B/reference-snapshot.sql:14: NOTICE:  REFERENCE {"count": 34, "table": "public.package_entitlements", "digest": "67435bb9434908b8e25efa0b5f128d6c", "present": true}
psql:/Users/cassidydaddy/twuanis/outputs/CG-S11-B/reference-snapshot.sql:14: NOTICE:  REFERENCE {"count": 4, "table": "public.package_limits", "digest": "b31d67883585e870be122478e0accae3", "present": true}
psql:/Users/cassidydaddy/twuanis/outputs/CG-S11-B/reference-snapshot.sql:14: NOTICE:  REFERENCE {"count": 4, "table": "public.packages", "digest": "28ec47fc390a923c16cb8aeb44a1f021", "present": true}
psql:/Users/cassidydaddy/twuanis/outputs/CG-S11-B/reference-snapshot.sql:14: NOTICE:  REFERENCE {"count": 2, "table": "auth.users", "digest": "ada5dd1a3cb3451cbe4ac67a293cf052", "present": true}
psql:/Users/cassidydaddy/twuanis/outputs/CG-S11-B/reference-snapshot.sql:14: NOTICE:  REFERENCE {"count": 0, "table": "public.listing_classification_rule_sets", "digest": "d41d8cd98f00b204e9800998ecf8427e", "present": true}
psql:/Users/cassidydaddy/twuanis/outputs/CG-S11-B/reference-snapshot.sql:14: NOTICE:  REFERENCE {"count": 0, "table": "public.listing_classification_rules", "digest": "d41d8cd98f00b204e9800998ecf8427e", "present": true}
psql:/Users/cassidydaddy/twuanis/outputs/CG-S11-B/reference-snapshot.sql:14: NOTICE:  REFERENCE {"count": 1, "table": "public.capacity_policy_guard", "digest": "f3e56c602771e9541aef61d502562b89", "present": true}
psql:/Users/cassidydaddy/twuanis/outputs/CG-S11-B/reference-snapshot.sql:14: NOTICE:  REFERENCE {"count": 0, "table": "twuanis_canonical_private.classification_seals", "digest": "d41d8cd98f00b204e9800998ecf8427e", "present": true}
psql:/Users/cassidydaddy/twuanis/outputs/CG-S11-B/reference-snapshot.sql:14: NOTICE:  REFERENCE {"count": 5, "table": "twuanis_canonical_private.accessibility_identity", "digest": "be68cd7f0ee8093a6623a2d551cb8d30", "present": true}
